[DM IMU] 已自动选择串口设备: /dev/serial/by-id/usb-DM-Tech_DM-IMU-L1_DMIMU20250212-if00
DM1 键盘控制: 电机启动时处于锁定状态；不会修改电机零位参数。只有机器人静止、水平且 12 路反馈健康时，才能使用 Shift+U 解锁；键盘模式不检查当前关节是否处于零位窗口。
DM1 电机力矩上限=88.0 Nm（连续额定 30、峰值 97；可用 --torque-limit 调整）。
[DM IMU] receiver started: /dev/serial/by-id/usb-DM-Tech_DM-IMU-L1_DMIMU20250212-if00, 921600 baud
[DM IMU] collecting startup baseline; keep robot motionless...
[DM IMU] status=UPDATING seq=1 | acc=(-0.594, -0.436, 10.038) gyro=(0.008, -0.005, -0.003) rpy_deg=(-2.526, 3.338, 19.844)
[DM IMU] startup baseline accepted: gravity_body=(-0.593, -0.447, 10.058) |g|=10.085 m/s^2 rpy0_deg=(-2.539, 3.333, 19.787) from 200 samples
[INFO] Successfully started receiver thread with ID 129463329220160
[INFO] Successfully started receiver thread with ID 129463320827456
DM1 启动阶段：主动发送一次全电机失能帧，然后开始反馈轮询。
Unable to write CAN frame on can0 errno=105 (No buffer space available)
Unable to write CAN frame on can1 errno=105 (No buffer space available)
DM1 失能帧发送未完整成功，正在重试（第 1/3 次）。
DM1 失能帧发送未完整成功，正在重试（第 2/3 次）。
DM1 失能帧发送未完整成功，正在重试（第 3/3 次）。
DM1 启动失败原因：启动阶段电机反馈轮询失败；随后执行 close()。
DM1 失能帧发送未完整成功，正在重试（第 1/3 次）。
DM1 失能帧发送未完整成功，正在重试（第 2/3 次）。
DM1 失能帧发送未完整成功，正在重试（第 3/3 次）。
[ros2run]: Process exited with failure 2
