[DM IMU] 已自动选择串口设备: /dev/serial/by-id/usb-DM-Tech_DM-IMU-L1_DMIMU20250212-if00
DM1 键盘控制: 电机启动时处于锁定状态；不会修改电机零位参数。只有机器人静止、水平且 12 路反馈健康时，才能使用 Shift+U 解锁；键盘模式不检查当前关节是否处于零位窗口。
DM1 电机力矩上限=88.0 Nm（连续额定 30、峰值 97；可用 --torque-limit 调整）。
[DM IMU] receiver started: /dev/serial/by-id/usb-DM-Tech_DM-IMU-L1_DMIMU20250212-if00, 921600 baud
[DM IMU] collecting startup baseline; keep robot motionless...
[DM IMU] status=UPDATING seq=1 | acc=(-0.646, -0.609, 10.073) gyro=(0.003, 0.011, -0.007) rpy_deg=(-3.391, 3.453, -162.245)
[DM IMU] startup baseline accepted: gravity_body=(-0.607, -0.597, 10.044) |g|=10.080 m/s^2 rpy0_deg=(-3.395, 3.452, -162.309) from 200 samples
[INFO] Successfully started receiver thread with ID 127840536225344
[INFO] Successfully started receiver thread with ID 127840527832640
DM1 启动阶段：主动发送一次全电机失能帧，然后开始反馈轮询。
DM1 电机反馈不可用：joint=0 bus=0 can_id=0x04 reason=offline（从未收到匹配反馈） age=inf s status=0x00 mos=0.0℃ rotor=0.0℃ sequence=0
Reading DM IMU from '/dev/serial/by-id/usb-DM-Tech_DM-IMU-L1_DMIMU20250212-if00' at 921600 baud; CAN buses 'can0'/'can1' are read-only until output is enabled.
DM1 键盘控制首轮反馈通过；等待 Shift+U 解锁。
DM1 启动稳定性检查通过；使能后将执行平滑回零，未修改电机参数。
键盘控制已启动：电机初始处于锁定状态。按 Shift+U/0 使能/失能，1 站立，2 原地踏步，P 趴下；按 H 查看帮助，Esc 失能并退出。
DM1 电机已使能；正在将电机平滑回到零位，完成后可按 1 站立。
站立请求已接受。
[WBC][TIMING] iteration=1 elapsed_ms=0.592142 budget_ms=2.000 overrun=false success=true tasks=2 contacts=4。
[FSM][BALANCE_STAND] 前馈力矩持续放大：scale=1.30 first_frame_max_tau=11.375 Nm。
[WBC][TIMING] iteration=2 elapsed_ms=0.373552 budget_ms=2.000 overrun=false success=true tasks=2 contacts=4。
[WBC][TIMING] iteration=3 elapsed_ms=0.301318 budget_ms=2.000 overrun=false success=true tasks=2 contacts=4。
[WBC][TIMING] iteration=4 elapsed_ms=0.335244 budget_ms=2.000 overrun=false success=true tasks=2 contacts=4。
[WBC][TIMING] iteration=5 elapsed_ms=0.224540 budget_ms=2.000 overrun=false success=true tasks=2 contacts=4。
[WBC][TIMING] iteration=6 elapsed_ms=0.214200 budget_ms=2.000 overrun=false success=true tasks=2 contacts=4。
[WBC][TIMING] iteration=7 elapsed_ms=0.226495 budget_ms=2.000 overrun=false success=true tasks=2 contacts=4。
[WBC][TIMING] iteration=8 elapsed_ms=0.176727 budget_ms=2.000 overrun=false success=true tasks=2 contacts=4。
[WBC][TIMING] iteration=9 elapsed_ms=0.168266 budget_ms=2.000 overrun=false success=true tasks=2 contacts=4。
[WBC][TIMING] iteration=10 elapsed_ms=0.263380 budget_ms=2.000 overrun=false success=true tasks=2 contacts=4。
[WBC][TIMING][SUMMARY] end_iteration=500 samples=500 avg_ms=0.251383 max_ms=0.803676 budget_ms=2.000 overruns=0。
[WBC][TIMING][SUMMARY] end_iteration=1000 samples=500 avg_ms=0.255097 max_ms=0.801414 budget_ms=2.000 overruns=0。
[WBC][TIMING][SUMMARY] end_iteration=1500 samples=500 avg_ms=0.241450 max_ms=0.797649 budget_ms=2.000 overruns=0。
[WBC][TIMING][SUMMARY] end_iteration=2000 samples=500 avg_ms=0.230159 max_ms=0.880163 budget_ms=2.000 overruns=0。
[WBC][TIMING][SUMMARY] end_iteration=2500 samples=500 avg_ms=0.196791 max_ms=0.911690 budget_ms=2.000 overruns=0。
[WBC][TIMING][SUMMARY] end_iteration=3000 samples=500 avg_ms=0.264034 max_ms=1.008657 budget_ms=2.000 overruns=0。
[WBC][TIMING][SUMMARY] end_iteration=3500 samples=500 avg_ms=0.280369 max_ms=0.909417 budget_ms=2.000 overruns=0。
[WBC][TIMING][SUMMARY] end_iteration=4000 samples=500 avg_ms=0.254350 max_ms=0.863579 budget_ms=2.000 overruns=0。
[WBC][TIMING][SUMMARY] end_iteration=4500 samples=500 avg_ms=0.249075 max_ms=0.787369 budget_ms=2.000 overruns=0。
[WBC][TIMING] iteration=1 elapsed_ms=0.118977 budget_ms=2.000 overrun=false success=true tasks=2 contacts=4。
[WBC][TIMING] iteration=2 elapsed_ms=0.168163 budget_ms=2.000 overrun=false success=true tasks=2 contacts=4。
[WBC][TIMING] iteration=3 elapsed_ms=0.145629 budget_ms=2.000 overrun=false success=true tasks=2 contacts=4。
[WBC][TIMING] iteration=4 elapsed_ms=0.106262 budget_ms=2.000 overrun=false success=true tasks=2 contacts=4。
[WBC][TIMING] iteration=5 elapsed_ms=0.227699 budget_ms=2.000 overrun=false success=true tasks=2 contacts=4。
[WBC][TIMING] iteration=6 elapsed_ms=0.200847 budget_ms=2.000 overrun=false success=true tasks=2 contacts=4。
[WBC][TIMING] iteration=7 elapsed_ms=0.151513 budget_ms=2.000 overrun=false success=true tasks=2 contacts=4。
[WBC][TIMING] iteration=8 elapsed_ms=0.238197 budget_ms=2.000 overrun=false success=true tasks=2 contacts=4。
[WBC][TIMING] iteration=9 elapsed_ms=0.174932 budget_ms=2.000 overrun=false success=true tasks=2 contacts=4。
[WBC][TIMING] iteration=10 elapsed_ms=0.148271 budget_ms=2.000 overrun=false success=true tasks=2 contacts=4。
DM1 MIT 力矩容差提示（未失能）：field=total_torque leg=1 joint=1 actual=-89 Nm soft_limit=88 Nm。若持续出现请检查负载、Kp 或站立轨迹。
DM1 MIT command rejected: scope=command leg=1 joint=1 field=total_torque actual=-99.1440582 allowed=[-96.8000031,96.8000031]
DM1 CAN 发送失败：fsm=LOCOMOTION now=33.451801 send_motor_frame=true；已丢弃当前帧，不补发。
DM1 键盘控制周期超过截止时间：fsm=LOCOMOTION elapsed_ms=2.337 late_ms=0.428 send_motor_frame=true；已重新同步周期。
[WBC][TIMING][SUMMARY] end_iteration=500 samples=500 avg_ms=0.220580 max_ms=0.786691 budget_ms=2.000 overruns=0。
DM1 键盘控制周期超过截止时间：fsm=LOCOMOTION elapsed_ms=2.202 late_ms=0.342 send_motor_frame=true；已重新同步周期。
DM1 MIT command rejected: scope=command leg=0 joint=0 field=position_desired actual=1.73100901 allowed=[-1.57000005,1.57000005]
DM1 CAN 发送失败：fsm=LOCOMOTION now=34.457252 send_motor_frame=true；已丢弃当前帧，不补发。
DM1 键盘控制周期超过截止时间：fsm=LOCOMOTION elapsed_ms=1.982 late_ms=0.078 send_motor_frame=true；已重新同步周期。
[WBC][TIMING][SUMMARY] end_iteration=1000 samples=500 avg_ms=0.245549 max_ms=0.824508 budget_ms=2.000 overruns=0。
DM1 键盘控制周期超过截止时间：fsm=LOCOMOTION elapsed_ms=2.171 late_ms=0.251 send_motor_frame=true；已重新同步周期。
DM1 MIT command rejected: scope=command leg=0 joint=0 field=position_desired actual=1.70314455 allowed=[-1.57000005,1.57000005]
DM1 CAN 发送失败：fsm=LOCOMOTION now=35.461858 send_motor_frame=true；已丢弃当前帧，不补发。
[WBC][TIMING][SUMMARY] end_iteration=1500 samples=500 avg_ms=0.243273 max_ms=0.810795 budget_ms=2.000 overruns=0。
DM1 键盘控制周期超过截止时间：fsm=LOCOMOTION elapsed_ms=2.130 late_ms=0.198 send_motor_frame=true；已重新同步周期。
DM1 MIT command rejected: scope=command leg=0 joint=0 field=position_desired actual=1.67423177 allowed=[-1.57000005,1.57000005]
DM1 CAN 发送失败：fsm=LOCOMOTION now=36.464351 send_motor_frame=true；已丢弃当前帧，不补发。
[WBC][TIMING][SUMMARY] end_iteration=2000 samples=500 avg_ms=0.216844 max_ms=0.750141 budget_ms=2.000 overruns=0。
DM1 MIT command rejected: scope=command leg=0 joint=0 field=position_desired actual=1.64412594 allowed=[-1.57000005,1.57000005]
DM1 CAN 发送失败：fsm=LOCOMOTION now=37.465221 send_motor_frame=true；已丢弃当前帧，不补发。
DM1 键盘控制周期超过截止时间：fsm=LOCOMOTION elapsed_ms=2.245 late_ms=0.306 send_motor_frame=false；已重新同步周期。
[WBC][TIMING][SUMMARY] end_iteration=2500 samples=500 avg_ms=0.242155 max_ms=0.952400 budget_ms=2.000 overruns=0。
DM1 键盘控制周期超过截止时间：fsm=LOCOMOTION elapsed_ms=2.231 late_ms=0.294 send_motor_frame=true；已重新同步周期。
DM1 MIT command rejected: scope=command leg=0 joint=0 field=position_desired actual=1.61478734 allowed=[-1.57000005,1.57000005]
DM1 CAN 发送失败：fsm=LOCOMOTION now=38.469293 send_motor_frame=true；已丢弃当前帧，不补发。
DM1 键盘控制周期超过截止时间：fsm=LOCOMOTION elapsed_ms=2.069 late_ms=0.130 send_motor_frame=true；已重新同步周期。
[WBC][TIMING][SUMMARY] end_iteration=3000 samples=500 avg_ms=0.255033 max_ms=0.879078 budget_ms=2.000 overruns=0。
DM1 键盘控制周期超过截止时间：fsm=LOCOMOTION elapsed_ms=2.122 late_ms=0.188 send_motor_frame=true；已重新同步周期。
DM1 MIT command rejected: scope=command leg=0 joint=0 field=position_desired actual=1.5855155 allowed=[-1.57000005,1.57000005]
DM1 CAN 发送失败：fsm=LOCOMOTION now=39.474896 send_motor_frame=true；已丢弃当前帧，不补发。
[WBC][TIMING][SUMMARY] end_iteration=3500 samples=500 avg_ms=0.258622 max_ms=0.857842 budget_ms=2.000 overruns=0。
DM1 键盘控制周期超过截止时间：fsm=LOCOMOTION elapsed_ms=2.154 late_ms=0.272 send_motor_frame=true；已重新同步周期。
DM1 MIT command rejected: scope=command leg=0 joint=0 field=total_torque actual=215.987106 allowed=[-96.8000031,96.8000031]
DM1 CAN 发送失败：fsm=LOCOMOTION now=40.478259 send_motor_frame=true；已丢弃当前帧，不补发。
[WBC][TIMING][SUMMARY] end_iteration=4000 samples=500 avg_ms=0.241224 max_ms=0.886701 budget_ms=2.000 overruns=0。
DM1 MIT command rejected: scope=command leg=0 joint=0 field=total_torque actual=212.99025 allowed=[-96.8000031,96.8000031]
DM1 CAN 发送失败：fsm=LOCOMOTION now=41.479404 send_motor_frame=true；已丢弃当前帧，不补发。
[WBC][TIMING][SUMMARY] end_iteration=4500 samples=500 avg_ms=0.239009 max_ms=0.831324 budget_ms=2.000 overruns=0。
[CONTROL FSM] iteration 9999, state BALANCE_STAND, gait STAND
