[DM IMU] 已自动选择串口设备: /dev/serial/by-id/usb-DM-Tech_DM-IMU-L1_DMIMU20250212-if00
DM1 键盘控制: 电机启动时处于锁定状态；不会修改电机零位参数。只有机器人静止、水平且 12 路反馈健康时，才能使用 Shift+U 解锁；键盘模式不检查当前关节是否处于零位窗口。
DM1 电机力矩上限=60.0 Nm（连续额定 30、峰值 97；可用 --torque-limit 调整）。
[DM IMU] receiver started: /dev/serial/by-id/usb-DM-Tech_DM-IMU-L1_DMIMU20250212-if00, 921600 baud
[DM IMU] collecting startup baseline; keep robot motionless...
[DM IMU] status=UPDATING seq=1 | acc=(-0.667, -0.616, 10.052) gyro=(-0.005, -0.004, -0.021) rpy_deg=(-3.648, 3.665, -27.034)
[DM IMU] startup baseline accepted: gravity_body=(-0.646, -0.643, 10.044) |g|=10.085 m/s^2 rpy0_deg=(-3.657, 3.662, -27.089) from 200 samples
[INFO] Successfully started receiver thread with ID 124878036395584
[INFO] Successfully started receiver thread with ID 124878028002880
DM1 启动阶段：主动发送一次全电机失能帧，然后开始反馈轮询。
DM1 电机反馈不可用：joint=0 bus=0 can_id=0x04 reason=offline（从未收到匹配反馈） age=inf s status=0x00 mos=0.0℃ rotor=0.0℃ sequence=0
Reading DM IMU from '/dev/serial/by-id/usb-DM-Tech_DM-IMU-L1_DMIMU20250212-if00' at 921600 baud; CAN buses 'can0'/'can1' are read-only until output is enabled.
DM1 键盘控制首轮反馈通过；等待 Shift+U 解锁。
DM1 启动稳定性检查通过；使能后将执行平滑回零，未修改电机参数。
键盘控制已启动：电机初始处于锁定状态。按 Shift+U/0 使能/失能，1 站立，2 原地踏步，P 趴下；按 H 查看帮助，Esc 失能并退出。
DM1 电机已使能；正在将电机平滑回到零位，完成后可按 1 站立。
站立请求已接受。
[WBC][TIMING] iteration=1 elapsed_ms=0.386140 budget_ms=2.000 overrun=false success=true tasks=2 contacts=4。
[FSM][BALANCE_STAND] 前馈力矩持续放大：scale=1.30 first_frame_max_tau=11.438 Nm。
[WBC][TIMING] iteration=2 elapsed_ms=0.482281 budget_ms=2.000 overrun=false success=true tasks=2 contacts=4。
[WBC][TIMING] iteration=3 elapsed_ms=0.161317 budget_ms=2.000 overrun=false success=true tasks=2 contacts=4。
[WBC][TIMING] iteration=4 elapsed_ms=0.179489 budget_ms=2.000 overrun=false success=true tasks=2 contacts=4。
[WBC][TIMING] iteration=5 elapsed_ms=0.262034 budget_ms=2.000 overrun=false success=true tasks=2 contacts=4。
[WBC][TIMING] iteration=6 elapsed_ms=0.178499 budget_ms=2.000 overrun=false success=true tasks=2 contacts=4。
[WBC][TIMING] iteration=7 elapsed_ms=0.258435 budget_ms=2.000 overrun=false success=true tasks=2 contacts=4。
[WBC][TIMING] iteration=8 elapsed_ms=0.231531 budget_ms=2.000 overrun=false success=true tasks=2 contacts=4。
[WBC][TIMING] iteration=9 elapsed_ms=0.230843 budget_ms=2.000 overrun=false success=true tasks=2 contacts=4。
[WBC][TIMING] iteration=10 elapsed_ms=0.260396 budget_ms=2.000 overrun=false success=true tasks=2 contacts=4。
[WBC][TIMING][SUMMARY] end_iteration=500 samples=500 avg_ms=0.218650 max_ms=0.631072 budget_ms=2.000 overruns=0。
[WBC][TIMING][SUMMARY] end_iteration=1000 samples=500 avg_ms=0.186785 max_ms=0.661668 budget_ms=2.000 overruns=0。
[WBC][TIMING][SUMMARY] end_iteration=1500 samples=500 avg_ms=0.193706 max_ms=0.641208 budget_ms=2.000 overruns=0。
[WBC][TIMING][SUMMARY] end_iteration=2000 samples=500 avg_ms=0.214283 max_ms=0.767388 budget_ms=2.000 overruns=0。
[WBC][TIMING][SUMMARY] end_iteration=2500 samples=500 avg_ms=0.229270 max_ms=0.809659 budget_ms=2.000 overruns=0。
[WBC][TIMING][SUMMARY] end_iteration=3000 samples=500 avg_ms=0.214708 max_ms=0.728376 budget_ms=2.000 overruns=0。
[WBC][TIMING][SUMMARY] end_iteration=3500 samples=500 avg_ms=0.233444 max_ms=0.825897 budget_ms=2.000 overruns=0。
DM1 MIT command rejected: scope=command leg=0 joint=3 field=timestamp actual=32.0210304 allowed=[-inf,32.0210299]
DM1 CAN 发送失败：fsm=BALANCE_STAND now=32.021029 send_motor_frame=true；已丢弃当前帧，不补发。
[WBC][TIMING][SUMMARY] end_iteration=4000 samples=500 avg_ms=0.227868 max_ms=0.878157 budget_ms=2.000 overruns=0。
DM1 MIT command rejected: scope=command leg=0 joint=3 field=timestamp actual=33.0370522 allowed=[-inf,33.0370514]
DM1 CAN 发送失败：fsm=BALANCE_STAND now=33.037050 send_motor_frame=true；已丢弃当前帧，不补发。
[WBC][TIMING][SUMMARY] end_iteration=4500 samples=500 avg_ms=0.183131 max_ms=0.705131 budget_ms=2.000 overruns=0。
DM1 MIT command rejected: scope=command leg=0 joint=3 field=timestamp actual=34.0690765 allowed=[-inf,34.0690763]
DM1 CAN 发送失败：fsm=BALANCE_STAND now=34.069075 send_motor_frame=true；已丢弃当前帧，不补发。
[WBC][TIMING] iteration=1 elapsed_ms=0.169062 budget_ms=2.000 overrun=false success=true tasks=2 contacts=4。
[WBC][TIMING] iteration=2 elapsed_ms=0.139209 budget_ms=2.000 overrun=false success=true tasks=2 contacts=4。
[WBC][TIMING] iteration=3 elapsed_ms=0.150855 budget_ms=2.000 overrun=false success=true tasks=2 contacts=4。
[WBC][TIMING] iteration=4 elapsed_ms=0.210573 budget_ms=2.000 overrun=false success=true tasks=2 contacts=4。
[WBC][TIMING] iteration=5 elapsed_ms=0.195144 budget_ms=2.000 overrun=false success=true tasks=2 contacts=4。
[WBC][TIMING] iteration=6 elapsed_ms=0.105506 budget_ms=2.000 overrun=false success=true tasks=2 contacts=4。
[WBC][TIMING] iteration=7 elapsed_ms=0.126272 budget_ms=2.000 overrun=false success=true tasks=2 contacts=4。
[WBC][TIMING] iteration=8 elapsed_ms=0.131035 budget_ms=2.000 overrun=false success=true tasks=2 contacts=4。
[WBC][TIMING] iteration=9 elapsed_ms=0.111382 budget_ms=2.000 overrun=false success=true tasks=2 contacts=4。
[WBC][TIMING] iteration=10 elapsed_ms=0.131210 budget_ms=2.000 overrun=false success=true tasks=2 contacts=4。
DM1 MIT 力矩容差提示（未失能）：field=total_torque leg=3 joint=1 actual=62.3 Nm soft_limit=60 Nm。若持续出现请检查负载、Kp 或站立轨迹。
DM1 MIT command rejected: scope=command leg=0 joint=3 field=timestamp actual=35.0690651 allowed=[-inf,35.0690643]
DM1 CAN 发送失败：fsm=LOCOMOTION now=35.069063 send_motor_frame=true；已丢弃当前帧，不补发。
[FSM][BALANCE_STAND] 前馈力矩持续放大：scale=1.30 first_frame_max_tau=13.011 Nm。
[FSM][BALANCE_STAND] 前馈力矩持续放大：scale=1.30 first_frame_max_tau=11.512 Nm。
[FSM][BALANCE_STAND] 前馈力矩持续放大：scale=1.30 first_frame_max_tau=11.780 Nm。
[FSM][BALANCE_STAND] 前馈力矩持续放大：scale=1.30 first_frame_max_tau=11.771 Nm。
[WBC][TIMING][SUMMARY] end_iteration=500 samples=500 avg_ms=0.170785 max_ms=0.658306 budget_ms=2.000 overruns=0。
DM1 MIT command rejected: scope=command leg=0 joint=3 field=timestamp actual=36.0691452 allowed=[-inf,36.0691443]
DM1 CAN 发送失败：fsm=LOCOMOTION now=36.069143 send_motor_frame=true；已丢弃当前帧，不补发。
[WBC][TIMING][SUMMARY] end_iteration=1000 samples=500 avg_ms=0.201883 max_ms=0.701922 budget_ms=2.000 overruns=0。
DM1 MIT command rejected: scope=command leg=0 joint=3 field=timestamp actual=37.0699501 allowed=[-inf,37.0699497]
DM1 CAN 发送失败：fsm=LOCOMOTION now=37.069949 send_motor_frame=true；已丢弃当前帧，不补发。
[WBC][TIMING][SUMMARY] end_iteration=1500 samples=500 avg_ms=0.219129 max_ms=0.746895 budget_ms=2.000 overruns=0。
DM1 MIT command rejected: scope=command leg=0 joint=3 field=timestamp actual=38.0700226 allowed=[-inf,38.070022]
DM1 CAN 发送失败：fsm=LOCOMOTION now=38.070021 send_motor_frame=true；已丢弃当前帧，不补发。
[WBC][TIMING][SUMMARY] end_iteration=2000 samples=500 avg_ms=0.194953 max_ms=0.803384 budget_ms=2.000 overruns=0。
DM1 MIT command rejected: scope=command leg=0 joint=1 field=total_torque actual=67.7845154 allowed=[-66,66]
DM1 CAN 发送失败：fsm=LOCOMOTION now=39.078349 send_motor_frame=true；已丢弃当前帧，不补发。
[WBC][TIMING][SUMMARY] end_iteration=2500 samples=500 avg_ms=0.182514 max_ms=0.683460 budget_ms=2.000 overruns=0。
DM1 MIT command rejected: scope=command leg=0 joint=3 field=timestamp actual=40.0783501 allowed=[-inf,40.07835]
DM1 CAN 发送失败：fsm=LOCOMOTION now=40.078349 send_motor_frame=true；已丢弃当前帧，不补发。
[WBC][TIMING][SUMMARY] end_iteration=3000 samples=500 avg_ms=0.191256 max_ms=0.852619 budget_ms=2.000 overruns=0。
DM1 键盘控制周期超过截止时间：fsm=LOCOMOTION elapsed_ms=2.757 late_ms=0.824 send_motor_frame=false；已重新同步周期。
DM1 MIT command rejected: scope=command leg=0 joint=1 field=total_torque actual=72.0584106 allowed=[-66,66]
DM1 CAN 发送失败：fsm=LOCOMOTION now=41.082382 send_motor_frame=true；已丢弃当前帧，不补发。
[WBC][TIMING][SUMMARY] end_iteration=3500 samples=500 avg_ms=0.230392 max_ms=0.958269 budget_ms=2.000 overruns=0。
DM1 键盘控制周期超过截止时间：fsm=LOCOMOTION elapsed_ms=1.988 late_ms=0.049 send_motor_frame=false；已重新同步周期。
DM1 MIT command rejected: scope=command leg=0 joint=1 field=total_torque actual=74.2602768 allowed=[-66,66]
DM1 CAN 发送失败：fsm=LOCOMOTION now=42.085053 send_motor_frame=true；已丢弃当前帧，不补发。
[WBC][TIMING][SUMMARY] end_iteration=4000 samples=500 avg_ms=0.231043 max_ms=0.693468 budget_ms=2.000 overruns=0。
DM1 MIT command rejected: scope=command leg=0 joint=1 field=total_torque actual=76.312851 allowed=[-66,66]
DM1 CAN 发送失败：fsm=LOCOMOTION now=43.085965 send_motor_frame=true；已丢弃当前帧，不补发。
[WBC][TIMING][SUMMARY] end_iteration=4500 samples=500 avg_ms=0.176860 max_ms=0.493756 budget_ms=2.000 overruns=0。
DM1 MIT command rejected: scope=command leg=0 joint=1 field=total_torque actual=78.3922424 allowed=[-66,66]
DM1 CAN 发送失败：fsm=LOCOMOTION now=44.087948 send_motor_frame=true；已丢弃当前帧，不补发。
[WBC][TIMING][SUMMARY] end_iteration=5000 samples=500 avg_ms=0.186603 max_ms=0.534615 budget_ms=2.000 overruns=0。
DM1 MIT command rejected: scope=command leg=0 joint=1 field=total_torque actual=80.4516068 allowed=[-66,66]
DM1 CAN 发送失败：fsm=LOCOMOTION now=45.095933 send_motor_frame=true；已丢弃当前帧，不补发。
[WBC][TIMING][SUMMARY] end_iteration=5500 samples=500 avg_ms=0.168182 max_ms=0.423541 budget_ms=2.000 overruns=0。
DM1 MIT command rejected: scope=command leg=0 joint=1 field=total_torque actual=82.5666046 allowed=[-66,66]
DM1 CAN 发送失败：fsm=LOCOMOTION now=46.098110 send_motor_frame=true；已丢弃当前帧，不补发。
DM1 键盘控制周期超过截止时间：fsm=LOCOMOTION elapsed_ms=2.035 late_ms=0.111 send_motor_frame=false；已重新同步周期。
[WBC][TIMING][SUMMARY] end_iteration=6000 samples=500 avg_ms=0.220657 max_ms=0.655118 budget_ms=2.000 overruns=0。
DM1 MIT command rejected: scope=command leg=0 joint=3 field=timestamp actual=47.1001663 allowed=[-inf,47.1001659]
DM1 CAN 发送失败：fsm=LOCOMOTION now=47.100165 send_motor_frame=true；已丢弃当前帧，不补发。
[WBC][TIMING][SUMMARY] end_iteration=6500 samples=500 avg_ms=0.178986 max_ms=0.578684 budget_ms=2.000 overruns=0。
DM1 MIT command rejected: scope=command leg=0 joint=3 field=timestamp actual=48.1007042 allowed=[-inf,48.1007036]
DM1 CAN 发送失败：fsm=LOCOMOTION now=48.100703 send_motor_frame=true；已丢弃当前帧，不补发。
[WBC][TIMING][SUMMARY] end_iteration=7000 samples=500 avg_ms=0.157941 max_ms=0.660534 budget_ms=2.000 overruns=0。
DM1 MIT command rejected: scope=command leg=0 joint=1 field=total_torque actual=89.032196 allowed=[-66,66]
DM1 CAN 发送失败：fsm=LOCOMOTION now=49.101861 send_motor_frame=true；已丢弃当前帧，不补发。
[WBC][TIMING][SUMMARY] end_iteration=7500 samples=500 avg_ms=0.143333 max_ms=0.668287 budget_ms=2.000 overruns=0。
DM1 MIT command rejected: scope=command leg=0 joint=1 field=total_torque actual=91.1370621 allowed=[-66,66]
DM1 CAN 发送失败：fsm=LOCOMOTION now=50.103314 send_motor_frame=true；已丢弃当前帧，不补发。
[WBC][TIMING][SUMMARY] end_iteration=8000 samples=500 avg_ms=0.181006 max_ms=0.762633 budget_ms=2.000 overruns=0。
DM1 键盘控制周期超过截止时间：fsm=LOCOMOTION elapsed_ms=2.083 late_ms=0.146 send_motor_frame=false；已重新同步周期。
[FSM][BALANCE_STAND] 前馈力矩持续放大：scale=1.30 first_frame_max_tau=11.159 Nm。
[WBC][TIMING][SUMMARY] end_iteration=5000 samples=500 avg_ms=0.224037 max_ms=0.770023 budget_ms=2.000 overruns=0。
DM1 MIT command rejected: scope=command leg=0 joint=3 field=timestamp actual=51.191452 allowed=[-inf,51.1914512]
DM1 CAN 发送失败：fsm=BALANCE_STAND now=51.191450 send_motor_frame=true；已丢弃当前帧，不补发。
[WBC][TIMING][SUMMARY] end_iteration=5500 samples=500 avg_ms=0.239206 max_ms=0.753527 budget_ms=2.000 overruns=0。
DM1 MIT command rejected: scope=command leg=0 joint=2 field=total_torque actual=86.2754822 allowed=[-66,66]
DM1 CAN 发送失败：fsm=BALANCE_STAND now=52.191453 send_motor_frame=true；已丢弃当前帧，不补发。
[WBC][TIMING][SUMMARY] end_iteration=6000 samples=500 avg_ms=0.182471 max_ms=0.687485 budget_ms=2.000 overruns=0。
DM1 MIT command rejected: scope=command leg=0 joint=2 field=total_torque actual=183.641678 allowed=[-66,66]
DM1 CAN 发送失败：fsm=BALANCE_STAND now=53.199456 send_motor_frame=true；已丢弃当前帧，不补发。
[WBC][TIMING][SUMMARY] end_iteration=6500 samples=500 avg_ms=0.229336 max_ms=0.855631 budget_ms=2.000 overruns=0。
DM1 MIT command rejected: scope=command leg=0 joint=2 field=total_torque actual=257.467896 allowed=[-66,66]
DM1 CAN 发送失败：fsm=BALANCE_STAND now=54.207454 send_motor_frame=true；已丢弃当前帧，不补发。
[WBC][TIMING][SUMMARY] end_iteration=7000 samples=500 avg_ms=0.241573 max_ms=0.760940 budget_ms=2.000 overruns=0。
DM1 MIT command rejected: scope=command leg=0 joint=2 field=total_torque actual=271.005981 allowed=[-66,66]
DM1 CAN 发送失败：fsm=BALANCE_STAND now=55.207459 send_motor_frame=true；已丢弃当前帧，不补发。
[WBC][TIMING][SUMMARY] end_iteration=7500 samples=500 avg_ms=0.228726 max_ms=0.851673 budget_ms=2.000 overruns=0。
DM1 MIT command rejected: scope=command leg=0 joint=2 field=total_torque actual=271.13446 allowed=[-66,66]
DM1 CAN 发送失败：fsm=BALANCE_STAND now=56.215448 send_motor_frame=true；已丢弃当前帧，不补发。
[WBC][TIMING][SUMMARY] end_iteration=8000 samples=500 avg_ms=0.195952 max_ms=0.598209 budget_ms=2.000 overruns=0。
[CONTROL FSM] iteration 9999, state BALANCE_STAND, gait STAND
[CONTROL FSM] iteration 19999, state LOCOMOTION, gait TROT_WALK
