[DM IMU] 已自动选择串口设备: /dev/serial/by-id/usb-DM-Tech_DM-IMU-L1_DMIMU20250212-if00
DM1 键盘控制: 电机启动时处于锁定状态；不会修改电机零位参数。只有机器人静止、水平且 12 路反馈健康时，才能使用 Shift+U 解锁；键盘模式不检查当前关节是否处于零位窗口。
DM1 电机力矩上限=88.0 Nm（连续额定 30、峰值 97；可用 --torque-limit 调整）。
[DM IMU] receiver started: /dev/serial/by-id/usb-DM-Tech_DM-IMU-L1_DMIMU20250212-if00, 921600 baud
[DM IMU] collecting startup baseline; keep robot motionless...
[DM IMU] status=UPDATING seq=1 | acc=(-0.593, -0.407, 10.038) gyro=(-0.004, -0.002, -0.009) rpy_deg=(-2.429, 3.310, -120.188)
[DM IMU] startup baseline accepted: gravity_body=(-0.584, -0.432, 10.054) |g|=10.080 m/s^2 rpy0_deg=(-2.437, 3.313, -120.245) from 200 samples
[INFO] Successfully started receiver thread with ID 134905914713664
[INFO] Successfully started receiver thread with ID 134905906320960
DM1 启动阶段：主动发送一次全电机失能帧，然后开始反馈轮询。
DM1 电机反馈不可用：joint=0 bus=0 can_id=0x04 reason=offline（从未收到匹配反馈） age=inf s status=0x00 mos=0.0℃ rotor=0.0℃ sequence=0
Reading DM IMU from '/dev/serial/by-id/usb-DM-Tech_DM-IMU-L1_DMIMU20250212-if00' at 921600 baud; CAN buses 'can0'/'can1' are read-only until output is enabled.
DM1 键盘控制首轮反馈通过；等待 Shift+U 解锁。
DM1 启动稳定性检查通过；使能后将执行平滑回零，未修改电机参数。
键盘控制已启动：电机初始处于锁定状态。按 Shift+U/0 使能/失能，1 站立，2 原地踏步，P 趴下；按 H 查看帮助，Esc 失能并退出。
DM1 电机已使能；正在将电机平滑回到零位，完成后可按 1 站立。
站立请求已接受。
[WBC][TIMING] iteration=1 elapsed_ms=0.733153 budget_ms=2.000 overrun=false success=true tasks=2 contacts=4。
[FSM][BALANCE_STAND] 前馈力矩持续放大：scale=1.30 first_frame_max_tau=11.379 Nm。
[WBC][TIMING] iteration=2 elapsed_ms=0.294196 budget_ms=2.000 overrun=false success=true tasks=2 contacts=4。
[WBC][TIMING] iteration=3 elapsed_ms=0.237992 budget_ms=2.000 overrun=false success=true tasks=2 contacts=4。
[WBC][TIMING] iteration=4 elapsed_ms=0.204878 budget_ms=2.000 overrun=false success=true tasks=2 contacts=4。
[WBC][TIMING] iteration=5 elapsed_ms=0.298923 budget_ms=2.000 overrun=false success=true tasks=2 contacts=4。
[WBC][TIMING] iteration=6 elapsed_ms=0.988236 budget_ms=2.000 overrun=false success=true tasks=2 contacts=4。
[WBC][TIMING] iteration=7 elapsed_ms=0.785842 budget_ms=2.000 overrun=false success=true tasks=2 contacts=4。
[WBC][TIMING] iteration=8 elapsed_ms=0.732143 budget_ms=2.000 overrun=false success=true tasks=2 contacts=4。
[WBC][TIMING] iteration=9 elapsed_ms=0.887661 budget_ms=2.000 overrun=false success=true tasks=2 contacts=4。
[WBC][TIMING] iteration=10 elapsed_ms=0.859468 budget_ms=2.000 overrun=false success=true tasks=2 contacts=4。
[WBC][TIMING][SUMMARY] end_iteration=500 samples=500 avg_ms=0.281778 max_ms=0.988236 budget_ms=2.000 overruns=0。
[WBC][TIMING][SUMMARY] end_iteration=1000 samples=500 avg_ms=0.303831 max_ms=0.812980 budget_ms=2.000 overruns=0。
[WBC][TIMING][SUMMARY] end_iteration=1500 samples=500 avg_ms=0.297919 max_ms=0.806260 budget_ms=2.000 overruns=0。
[WBC][TIMING][SUMMARY] end_iteration=2000 samples=500 avg_ms=0.268043 max_ms=0.813399 budget_ms=2.000 overruns=0。
[WBC][TIMING][SUMMARY] end_iteration=2500 samples=500 avg_ms=0.304215 max_ms=0.842432 budget_ms=2.000 overruns=0。
[WBC][TIMING][SUMMARY] end_iteration=3000 samples=500 avg_ms=0.267621 max_ms=0.693557 budget_ms=2.000 overruns=0。
[WBC][TIMING][SUMMARY] end_iteration=3500 samples=500 avg_ms=0.255270 max_ms=0.881596 budget_ms=2.000 overruns=0。
[WBC][TIMING][SUMMARY] end_iteration=4000 samples=500 avg_ms=0.260944 max_ms=0.742256 budget_ms=2.000 overruns=0。
[WBC][TIMING][SUMMARY] end_iteration=4500 samples=500 avg_ms=0.247557 max_ms=0.867443 budget_ms=2.000 overruns=0。
[WBC][TIMING] iteration=1 elapsed_ms=0.189475 budget_ms=2.000 overrun=false success=true tasks=2 contacts=4。
[WBC][TIMING] iteration=2 elapsed_ms=0.181614 budget_ms=2.000 overrun=false success=true tasks=2 contacts=4。
[WBC][TIMING] iteration=3 elapsed_ms=0.218346 budget_ms=2.000 overrun=false success=true tasks=2 contacts=4。
[WBC][TIMING] iteration=4 elapsed_ms=0.218833 budget_ms=2.000 overrun=false success=true tasks=2 contacts=4。
[WBC][TIMING] iteration=5 elapsed_ms=0.185916 budget_ms=2.000 overrun=false success=true tasks=2 contacts=4。
[WBC][TIMING] iteration=6 elapsed_ms=0.213877 budget_ms=2.000 overrun=false success=true tasks=2 contacts=4。
[WBC][TIMING] iteration=7 elapsed_ms=0.217643 budget_ms=2.000 overrun=false success=true tasks=2 contacts=4。
[WBC][TIMING] iteration=8 elapsed_ms=0.139169 budget_ms=2.000 overrun=false success=true tasks=2 contacts=4。
[WBC][TIMING] iteration=9 elapsed_ms=0.147245 budget_ms=2.000 overrun=false success=true tasks=2 contacts=4。
[WBC][TIMING] iteration=10 elapsed_ms=0.129076 budget_ms=2.000 overrun=false success=true tasks=2 contacts=4。
DM1 MIT 力矩容差提示（未失能）：field=total_torque leg=3 joint=1 actual=88.47 Nm soft_limit=88 Nm。若持续出现请检查负载、Kp 或站立轨迹。
DM1 MIT command rejected: scope=command leg=0 joint=0 field=total_torque actual=149.390762 allowed=[-96.8000031,96.8000031]
DM1 CAN 发送失败：fsm=LOCOMOTION now=27.477425 send_motor_frame=true；已丢弃当前帧，不补发。
[WBC][TIMING][SUMMARY] end_iteration=500 samples=500 avg_ms=0.204726 max_ms=0.484891 budget_ms=2.000 overruns=0。
DM1 MIT command rejected: scope=command leg=0 joint=0 field=total_torque actual=137.433258 allowed=[-96.8000031,96.8000031]
DM1 CAN 发送失败：fsm=LOCOMOTION now=28.477635 send_motor_frame=true；已丢弃当前帧，不补发。
[WBC][TIMING][SUMMARY] end_iteration=1000 samples=500 avg_ms=0.226924 max_ms=0.794234 budget_ms=2.000 overruns=0。
DM1 键盘控制周期超过截止时间：fsm=LOCOMOTION elapsed_ms=2.170 late_ms=0.235 send_motor_frame=false；已重新同步周期。
DM1 MIT command rejected: scope=command leg=0 joint=0 field=total_torque actual=138.622543 allowed=[-96.8000031,96.8000031]
DM1 CAN 发送失败：fsm=LOCOMOTION now=29.478651 send_motor_frame=true；已丢弃当前帧，不补发。
[WBC][TIMING][SUMMARY] end_iteration=1500 samples=500 avg_ms=0.217107 max_ms=0.590728 budget_ms=2.000 overruns=0。
DM1 键盘控制周期超过截止时间：fsm=LOCOMOTION elapsed_ms=1.945 late_ms=0.107 send_motor_frame=false；已重新同步周期。
DM1 MIT command rejected: scope=command leg=0 joint=0 field=total_torque actual=132.178558 allowed=[-96.8000031,96.8000031]
DM1 CAN 发送失败：fsm=LOCOMOTION now=30.479427 send_motor_frame=true；已丢弃当前帧，不补发。
[WBC][TIMING][SUMMARY] end_iteration=2000 samples=500 avg_ms=0.210095 max_ms=0.623641 budget_ms=2.000 overruns=0。
DM1 键盘控制周期超过截止时间：fsm=LOCOMOTION elapsed_ms=2.100 late_ms=0.181 send_motor_frame=false；已重新同步周期。
DM1 MIT command rejected: scope=command leg=0 joint=0 field=total_torque actual=131.47464 allowed=[-96.8000031,96.8000031]
DM1 CAN 发送失败：fsm=LOCOMOTION now=31.480025 send_motor_frame=true；已丢弃当前帧，不补发。
[WBC][TIMING][SUMMARY] end_iteration=2500 samples=500 avg_ms=0.210383 max_ms=0.630581 budget_ms=2.000 overruns=0。
DM1 键盘控制周期超过截止时间：fsm=LOCOMOTION elapsed_ms=1.836 late_ms=0.011 send_motor_frame=true；已重新同步周期。
DM1 MIT command rejected: scope=command leg=0 joint=0 field=total_torque actual=130.856827 allowed=[-96.8000031,96.8000031]
DM1 CAN 发送失败：fsm=LOCOMOTION now=32.480508 send_motor_frame=true；已丢弃当前帧，不补发。
[WBC][TIMING][SUMMARY] end_iteration=3000 samples=500 avg_ms=0.222454 max_ms=0.789978 budget_ms=2.000 overruns=0。
[CONTROL FSM] iteration 9999, state BALANCE_STAND, gait STAND
