[DM IMU] 已自动选择串口设备: /dev/serial/by-id/usb-DM-Tech_DM-IMU-L1_DMIMU20250212-if00
DM1 键盘控制: 电机启动时处于锁定状态；不会修改电机零位参数。只有机器人静止、水平且 12 路反馈健康时，才能使用 Shift+U 解锁；键盘模式不检查当前关节是否处于零位窗口。
DM1 电机力矩上限=60.0 Nm（连续额定 30、峰值 97；可用 --torque-limit 调整）。
[DM IMU] receiver started: /dev/serial/by-id/usb-DM-Tech_DM-IMU-L1_DMIMU20250212-if00, 921600 baud
[DM IMU] collecting startup baseline; keep robot motionless...
[DM IMU] status=UPDATING seq=1 | acc=(-0.580, -0.459, 10.081) gyro=(-0.000, 0.015, -0.001) rpy_deg=(-2.724, 3.145, -25.668)
[DM IMU] startup baseline accepted: gravity_body=(-0.553, -0.478, 10.061) |g|=10.087 m/s^2 rpy0_deg=(-2.718, 3.134, -25.724) from 200 samples
[INFO] Successfully started receiver thread with ID 128221595035200
[INFO] Successfully started receiver thread with ID 128221586642496
DM1 启动阶段：主动发送一次全电机失能帧，然后开始反馈轮询。
DM1 电机反馈不可用：joint=0 bus=0 can_id=0x04 reason=offline（从未收到匹配反馈） age=inf s status=0x00 mos=0.0℃ rotor=0.0℃ sequence=0
Reading DM IMU from '/dev/serial/by-id/usb-DM-Tech_DM-IMU-L1_DMIMU20250212-if00' at 921600 baud; CAN buses 'can0'/'can1' are read-only until output is enabled.
DM1 键盘控制首轮反馈通过；等待 Shift+U 解锁。
DM1 启动稳定性检查通过；使能后将执行平滑回零，未修改电机参数。
键盘控制已启动：电机初始处于锁定状态。按 Shift+U/0 使能/失能，1 站立，2 原地踏步，P 趴下；按 H 查看帮助，Esc 失能并退出。
DM1 电机已使能；正在将电机平滑回到零位，完成后可按 1 站立。
站立请求已接受。
[WBC][TIMING] iteration=1 elapsed_ms=0.380464 budget_ms=2.000 overrun=false success=true tasks=2 contacts=4。
[FSM][BALANCE_STAND] 前馈力矩持续放大：scale=1.30 first_frame_max_tau=11.348 Nm。
[WBC][TIMING] iteration=2 elapsed_ms=0.281555 budget_ms=2.000 overrun=false success=true tasks=2 contacts=4。
[WBC][TIMING] iteration=3 elapsed_ms=0.128603 budget_ms=2.000 overrun=false success=true tasks=2 contacts=4。
[WBC][TIMING] iteration=4 elapsed_ms=0.258863 budget_ms=2.000 overrun=false success=true tasks=2 contacts=4。
[WBC][TIMING] iteration=5 elapsed_ms=0.200691 budget_ms=2.000 overrun=false success=true tasks=2 contacts=4。
[WBC][TIMING] iteration=6 elapsed_ms=0.128092 budget_ms=2.000 overrun=false success=true tasks=2 contacts=4。
[WBC][TIMING] iteration=7 elapsed_ms=0.141844 budget_ms=2.000 overrun=false success=true tasks=2 contacts=4。
[WBC][TIMING] iteration=8 elapsed_ms=0.188581 budget_ms=2.000 overrun=false success=true tasks=2 contacts=4。
[WBC][TIMING] iteration=9 elapsed_ms=0.170741 budget_ms=2.000 overrun=false success=true tasks=2 contacts=4。
[WBC][TIMING] iteration=10 elapsed_ms=0.199500 budget_ms=2.000 overrun=false success=true tasks=2 contacts=4。
[WBC][TIMING][SUMMARY] end_iteration=500 samples=500 avg_ms=0.175760 max_ms=0.620741 budget_ms=2.000 overruns=0。
[WBC][TIMING][SUMMARY] end_iteration=1000 samples=500 avg_ms=0.164370 max_ms=0.404055 budget_ms=2.000 overruns=0。
[WBC][TIMING][SUMMARY] end_iteration=1500 samples=500 avg_ms=0.176824 max_ms=0.596962 budget_ms=2.000 overruns=0。
[WBC][TIMING][SUMMARY] end_iteration=2000 samples=500 avg_ms=0.180582 max_ms=0.496886 budget_ms=2.000 overruns=0。
[WBC][TIMING][SUMMARY] end_iteration=2500 samples=500 avg_ms=0.211006 max_ms=0.796692 budget_ms=2.000 overruns=0。
[WBC][TIMING][SUMMARY] end_iteration=3000 samples=500 avg_ms=0.264254 max_ms=0.745957 budget_ms=2.000 overruns=0。
[WBC][TIMING][SUMMARY] end_iteration=3500 samples=500 avg_ms=0.257821 max_ms=0.675910 budget_ms=2.000 overruns=0。
[WBC][TIMING][SUMMARY] end_iteration=4000 samples=500 avg_ms=0.279218 max_ms=0.819382 budget_ms=2.000 overruns=0。
[WBC][TIMING][SUMMARY] end_iteration=4500 samples=500 avg_ms=0.269179 max_ms=0.769613 budget_ms=2.000 overruns=0。
[WBC][TIMING][SUMMARY] end_iteration=5000 samples=500 avg_ms=0.217727 max_ms=0.463267 budget_ms=2.000 overruns=0。
[WBC][TIMING][SUMMARY] end_iteration=5500 samples=500 avg_ms=0.240076 max_ms=0.636065 budget_ms=2.000 overruns=0。
[WBC][TIMING][SUMMARY] end_iteration=6000 samples=500 avg_ms=0.219247 max_ms=0.678914 budget_ms=2.000 overruns=0。
[WBC][TIMING][SUMMARY] end_iteration=6500 samples=500 avg_ms=0.271041 max_ms=0.806854 budget_ms=2.000 overruns=0。
[WBC][TIMING][SUMMARY] end_iteration=7000 samples=500 avg_ms=0.264053 max_ms=0.751527 budget_ms=2.000 overruns=0。
[WBC][TIMING][SUMMARY] end_iteration=7500 samples=500 avg_ms=0.231514 max_ms=0.735983 budget_ms=2.000 overruns=0。
[WBC][TIMING][SUMMARY] end_iteration=8000 samples=500 avg_ms=0.281226 max_ms=0.910021 budget_ms=2.000 overruns=0。
[WBC][TIMING][SUMMARY] end_iteration=8500 samples=500 avg_ms=0.244924 max_ms=0.792447 budget_ms=2.000 overruns=0。
[WBC][TIMING][SUMMARY] end_iteration=9000 samples=500 avg_ms=0.205779 max_ms=0.526662 budget_ms=2.000 overruns=0。
[WBC][TIMING][SUMMARY] end_iteration=9500 samples=500 avg_ms=0.210386 max_ms=0.828484 budget_ms=2.000 overruns=0。
[WBC][TIMING][SUMMARY] end_iteration=10000 samples=500 avg_ms=0.216252 max_ms=0.677080 budget_ms=2.000 overruns=0。
[WBC][TIMING][SUMMARY] end_iteration=10500 samples=500 avg_ms=0.217860 max_ms=0.732169 budget_ms=2.000 overruns=0。
[WBC][TIMING][SUMMARY] end_iteration=11000 samples=500 avg_ms=0.227400 max_ms=0.667301 budget_ms=2.000 overruns=0。
[WBC][TIMING][SUMMARY] end_iteration=11500 samples=500 avg_ms=0.280606 max_ms=0.853856 budget_ms=2.000 overruns=0。
[WBC][TIMING][SUMMARY] end_iteration=12000 samples=500 avg_ms=0.238802 max_ms=0.526577 budget_ms=2.000 overruns=0。
[WBC][TIMING][SUMMARY] end_iteration=12500 samples=500 avg_ms=0.268468 max_ms=0.529807 budget_ms=2.000 overruns=0。
[WBC][TIMING][SUMMARY] end_iteration=13000 samples=500 avg_ms=0.247687 max_ms=0.829484 budget_ms=2.000 overruns=0。
[WBC][TIMING][SUMMARY] end_iteration=13500 samples=500 avg_ms=0.272352 max_ms=0.803154 budget_ms=2.000 overruns=0。
[WBC][TIMING][SUMMARY] end_iteration=14000 samples=500 avg_ms=0.266925 max_ms=0.660199 budget_ms=2.000 overruns=0。
[WBC][TIMING][SUMMARY] end_iteration=14500 samples=500 avg_ms=0.194475 max_ms=0.478024 budget_ms=2.000 overruns=0。
[WBC][TIMING][SUMMARY] end_iteration=15000 samples=500 avg_ms=0.217617 max_ms=0.740655 budget_ms=2.000 overruns=0。
[WBC][TIMING][SUMMARY] end_iteration=15500 samples=500 avg_ms=0.244898 max_ms=0.820554 budget_ms=2.000 overruns=0。
[WBC][TIMING][SUMMARY] end_iteration=16000 samples=500 avg_ms=0.235554 max_ms=0.861094 budget_ms=2.000 overruns=0。
[WBC][TIMING][SUMMARY] end_iteration=16500 samples=500 avg_ms=0.182533 max_ms=0.892013 budget_ms=2.000 overruns=0。
[WBC][TIMING][SUMMARY] end_iteration=17000 samples=500 avg_ms=0.195797 max_ms=0.966453 budget_ms=2.000 overruns=0。
[WBC][TIMING] iteration=1 elapsed_ms=0.192571 budget_ms=2.000 overrun=false success=true tasks=2 contacts=4。
[WBC][TIMING] iteration=2 elapsed_ms=0.118645 budget_ms=2.000 overrun=false success=true tasks=2 contacts=4。
[WBC][TIMING] iteration=3 elapsed_ms=0.146156 budget_ms=2.000 overrun=false success=true tasks=2 contacts=4。
[WBC][TIMING] iteration=4 elapsed_ms=0.192388 budget_ms=2.000 overrun=false success=true tasks=2 contacts=4。
[WBC][TIMING] iteration=5 elapsed_ms=0.142210 budget_ms=2.000 overrun=false success=true tasks=2 contacts=4。
[WBC][TIMING] iteration=6 elapsed_ms=0.169987 budget_ms=2.000 overrun=false success=true tasks=2 contacts=4。
[WBC][TIMING] iteration=7 elapsed_ms=0.158761 budget_ms=2.000 overrun=false success=true tasks=2 contacts=4。
[WBC][TIMING] iteration=8 elapsed_ms=0.125046 budget_ms=2.000 overrun=false success=true tasks=2 contacts=4。
[WBC][TIMING] iteration=9 elapsed_ms=0.138654 budget_ms=2.000 overrun=false success=true tasks=2 contacts=4。
[WBC][TIMING] iteration=10 elapsed_ms=0.158738 budget_ms=2.000 overrun=false success=true tasks=2 contacts=4。
DM1 MIT 力矩容差提示（未失能）：field=total_torque leg=3 joint=1 actual=62.53 Nm soft_limit=60 Nm。若持续出现请检查负载、Kp 或站立轨迹。
DM1 MIT command rejected: scope=command leg=3 joint=1 field=total_torque actual=67.0610809 allowed=[-66,66]
DM1 CAN 发送失败：fsm=LOCOMOTION now=57.796980 send_motor_frame=true；已丢弃当前帧，不补发。
[WBC][TIMING][SUMMARY] end_iteration=500 samples=500 avg_ms=0.173990 max_ms=0.769798 budget_ms=2.000 overruns=0。
DM1 键盘控制周期超过截止时间：fsm=LOCOMOTION elapsed_ms=2.196 late_ms=0.282 send_motor_frame=false；已重新同步周期。
DM1 MIT command rejected: scope=command leg=1 joint=1 field=total_torque actual=-110.78434 allowed=[-66,66]
DM1 CAN 发送失败：fsm=LOCOMOTION now=58.799370 send_motor_frame=true；已丢弃当前帧，不补发。
[FSM][BALANCE_STAND] 前馈力矩持续放大：scale=1.30 first_frame_max_tau=12.593 Nm。
DM1 键盘控制周期超过截止时间：fsm=BALANCE_STAND elapsed_ms=2.439 late_ms=0.528 send_motor_frame=false；已重新同步周期。
[FSM][BALANCE_STAND] 前馈力矩持续放大：scale=1.30 first_frame_max_tau=12.704 Nm。
[FSM][BALANCE_STAND] 前馈力矩持续放大：scale=1.30 first_frame_max_tau=12.702 Nm。
[FSM][BALANCE_STAND] 前馈力矩持续放大：scale=1.30 first_frame_max_tau=12.750 Nm。
[FSM][BALANCE_STAND] 前馈力矩持续放大：scale=1.30 first_frame_max_tau=12.880 Nm。
[FSM][BALANCE_STAND] 前馈力矩持续放大：scale=1.30 first_frame_max_tau=12.813 Nm。
[FSM][BALANCE_STAND] 前馈力矩持续放大：scale=1.30 first_frame_max_tau=12.822 Nm。
[FSM][BALANCE_STAND] 前馈力矩持续放大：scale=1.30 first_frame_max_tau=12.866 Nm。
[FSM][BALANCE_STAND] 前馈力矩持续放大：scale=1.30 first_frame_max_tau=12.808 Nm。
[FSM][BALANCE_STAND] 前馈力矩持续放大：scale=1.30 first_frame_max_tau=12.860 Nm。
[FSM][BALANCE_STAND] 前馈力矩持续放大：scale=1.30 first_frame_max_tau=12.894 Nm。
[FSM][BALANCE_STAND] 前馈力矩持续放大：scale=1.30 first_frame_max_tau=12.884 Nm。
[FSM][BALANCE_STAND] 前馈力矩持续放大：scale=1.30 first_frame_max_tau=12.891 Nm。
[FSM][BALANCE_STAND] 前馈力矩持续放大：scale=1.30 first_frame_max_tau=12.907 Nm。
[FSM][BALANCE_STAND] 前馈力矩持续放大：scale=1.30 first_frame_max_tau=12.843 Nm。
[FSM][BALANCE_STAND] 前馈力矩持续放大：scale=1.30 first_frame_max_tau=12.829 Nm。
[FSM][BALANCE_STAND] 前馈力矩持续放大：scale=1.30 first_frame_max_tau=12.820 Nm。
[FSM][BALANCE_STAND] 前馈力矩持续放大：scale=1.30 first_frame_max_tau=12.781 Nm。
[FSM][BALANCE_STAND] 前馈力矩持续放大：scale=1.30 first_frame_max_tau=12.826 Nm。
[FSM][BALANCE_STAND] 前馈力矩持续放大：scale=1.30 first_frame_max_tau=12.871 Nm。
[FSM][BALANCE_STAND] 前馈力矩持续放大：scale=1.30 first_frame_max_tau=12.799 Nm。
[FSM][BALANCE_STAND] 前馈力矩持续放大：scale=1.30 first_frame_max_tau=12.809 Nm。
[FSM][BALANCE_STAND] 前馈力矩持续放大：scale=1.30 first_frame_max_tau=12.757 Nm。
[FSM][BALANCE_STAND] 前馈力矩持续放大：scale=1.30 first_frame_max_tau=12.805 Nm。
[FSM][BALANCE_STAND] 前馈力矩持续放大：scale=1.30 first_frame_max_tau=12.837 Nm。
[FSM][BALANCE_STAND] 前馈力矩持续放大：scale=1.30 first_frame_max_tau=12.818 Nm。
[FSM][BALANCE_STAND] 前馈力矩持续放大：scale=1.30 first_frame_max_tau=12.754 Nm。
[FSM][BALANCE_STAND] 前馈力矩持续放大：scale=1.30 first_frame_max_tau=12.808 Nm。
[FSM][BALANCE_STAND] 前馈力矩持续放大：scale=1.30 first_frame_max_tau=12.774 Nm。
[FSM][BALANCE_STAND] 前馈力矩持续放大：scale=1.30 first_frame_max_tau=12.763 Nm。
[FSM][BALANCE_STAND] 前馈力矩持续放大：scale=1.30 first_frame_max_tau=12.823 Nm。
[FSM][BALANCE_STAND] 前馈力矩持续放大：scale=1.30 first_frame_max_tau=12.779 Nm。
[FSM][BALANCE_STAND] 前馈力矩持续放大：scale=1.30 first_frame_max_tau=12.797 Nm。
[FSM][BALANCE_STAND] 前馈力矩持续放大：scale=1.30 first_frame_max_tau=12.761 Nm。
[FSM][BALANCE_STAND] 前馈力矩持续放大：scale=1.30 first_frame_max_tau=12.764 Nm。
[FSM][BALANCE_STAND] 前馈力矩持续放大：scale=1.30 first_frame_max_tau=12.790 Nm。
[FSM][BALANCE_STAND] 前馈力矩持续放大：scale=1.30 first_frame_max_tau=12.753 Nm。
[FSM][BALANCE_STAND] 前馈力矩持续放大：scale=1.30 first_frame_max_tau=12.774 Nm。
[FSM][BALANCE_STAND] 前馈力矩持续放大：scale=1.30 first_frame_max_tau=12.807 Nm。
[FSM][BALANCE_STAND] 前馈力矩持续放大：scale=1.30 first_frame_max_tau=12.739 Nm。
[FSM][BALANCE_STAND] 前馈力矩持续放大：scale=1.30 first_frame_max_tau=12.780 Nm。
[FSM][BALANCE_STAND] 前馈力矩持续放大：scale=1.30 first_frame_max_tau=12.761 Nm。
[FSM][BALANCE_STAND] 前馈力矩持续放大：scale=1.30 first_frame_max_tau=12.731 Nm。
[FSM][BALANCE_STAND] 前馈力矩持续放大：scale=1.30 first_frame_max_tau=12.705 Nm。
[FSM][BALANCE_STAND] 前馈力矩持续放大：scale=1.30 first_frame_max_tau=12.756 Nm。
[FSM][BALANCE_STAND] 前馈力矩持续放大：scale=1.30 first_frame_max_tau=12.738 Nm。
[FSM][BALANCE_STAND] 前馈力矩持续放大：scale=1.30 first_frame_max_tau=12.699 Nm。
[FSM][BALANCE_STAND] 前馈力矩持续放大：scale=1.30 first_frame_max_tau=12.756 Nm。
[FSM][BALANCE_STAND] 前馈力矩持续放大：scale=1.30 first_frame_max_tau=12.715 Nm。
[FSM][BALANCE_STAND] 前馈力矩持续放大：scale=1.30 first_frame_max_tau=12.755 Nm。
[FSM][BALANCE_STAND] 前馈力矩持续放大：scale=1.30 first_frame_max_tau=12.735 Nm。
[FSM][BALANCE_STAND] 前馈力矩持续放大：scale=1.30 first_frame_max_tau=12.702 Nm。
[FSM][BALANCE_STAND] 前馈力矩持续放大：scale=1.30 first_frame_max_tau=12.732 Nm。
[FSM][BALANCE_STAND] 前馈力矩持续放大：scale=1.30 first_frame_max_tau=12.685 Nm。
[FSM][BALANCE_STAND] 前馈力矩持续放大：scale=1.30 first_frame_max_tau=12.718 Nm。
[FSM][BALANCE_STAND] 前馈力矩持续放大：scale=1.30 first_frame_max_tau=12.735 Nm。
[FSM][BALANCE_STAND] 前馈力矩持续放大：scale=1.30 first_frame_max_tau=12.756 Nm。
DM1 键盘控制周期超过截止时间：fsm=BALANCE_STAND elapsed_ms=2.736 late_ms=0.816 send_motor_frame=false；已重新同步周期。
[FSM][BALANCE_STAND] 前馈力矩持续放大：scale=1.30 first_frame_max_tau=12.750 Nm。
[FSM][BALANCE_STAND] 前馈力矩持续放大：scale=1.30 first_frame_max_tau=12.773 Nm。
[FSM][BALANCE_STAND] 前馈力矩持续放大：scale=1.30 first_frame_max_tau=12.765 Nm。
[FSM][BALANCE_STAND] 前馈力矩持续放大：scale=1.30 first_frame_max_tau=12.780 Nm。
[FSM][BALANCE_STAND] 前馈力矩持续放大：scale=1.30 first_frame_max_tau=12.861 Nm。
[FSM][BALANCE_STAND] 前馈力矩持续放大：scale=1.30 first_frame_max_tau=12.846 Nm。
[FSM][BALANCE_STAND] 前馈力矩持续放大：scale=1.30 first_frame_max_tau=12.799 Nm。
[FSM][BALANCE_STAND] 前馈力矩持续放大：scale=1.30 first_frame_max_tau=12.797 Nm。
[FSM][BALANCE_STAND] 前馈力矩持续放大：scale=1.30 first_frame_max_tau=12.840 Nm。
[FSM][BALANCE_STAND] 前馈力矩持续放大：scale=1.30 first_frame_max_tau=12.916 Nm。
[FSM][BALANCE_STAND] 前馈力矩持续放大：scale=1.30 first_frame_max_tau=12.853 Nm。
[FSM][BALANCE_STAND] 前馈力矩持续放大：scale=1.30 first_frame_max_tau=12.873 Nm。
[FSM][BALANCE_STAND] 前馈力矩持续放大：scale=1.30 first_frame_max_tau=12.815 Nm。
[FSM][BALANCE_STAND] 前馈力矩持续放大：scale=1.30 first_frame_max_tau=12.859 Nm。
[FSM][BALANCE_STAND] 前馈力矩持续放大：scale=1.30 first_frame_max_tau=12.839 Nm。
[FSM][BALANCE_STAND] 前馈力矩持续放大：scale=1.30 first_frame_max_tau=12.905 Nm。
[FSM][BALANCE_STAND] 前馈力矩持续放大：scale=1.30 first_frame_max_tau=12.849 Nm。
[FSM][BALANCE_STAND] 前馈力矩持续放大：scale=1.30 first_frame_max_tau=12.890 Nm。
[FSM][BALANCE_STAND] 前馈力矩持续放大：scale=1.30 first_frame_max_tau=12.916 Nm。
[FSM][BALANCE_STAND] 前馈力矩持续放大：scale=1.30 first_frame_max_tau=12.831 Nm。
[FSM][BALANCE_STAND] 前馈力矩持续放大：scale=1.30 first_frame_max_tau=12.895 Nm。
[FSM][BALANCE_STAND] 前馈力矩持续放大：scale=1.30 first_frame_max_tau=12.892 Nm。
[FSM][BALANCE_STAND] 前馈力矩持续放大：scale=1.30 first_frame_max_tau=12.868 Nm。
[FSM][BALANCE_STAND] 前馈力矩持续放大：scale=1.30 first_frame_max_tau=12.912 Nm。
[FSM][BALANCE_STAND] 前馈力矩持续放大：scale=1.30 first_frame_max_tau=12.923 Nm。
[FSM][BALANCE_STAND] 前馈力矩持续放大：scale=1.30 first_frame_max_tau=12.906 Nm。
[FSM][BALANCE_STAND] 前馈力矩持续放大：scale=1.30 first_frame_max_tau=12.881 Nm。
[FSM][BALANCE_STAND] 前馈力矩持续放大：scale=1.30 first_frame_max_tau=12.942 Nm。
[FSM][BALANCE_STAND] 前馈力矩持续放大：scale=1.30 first_frame_max_tau=12.945 Nm。
[FSM][BALANCE_STAND] 前馈力矩持续放大：scale=1.30 first_frame_max_tau=12.906 Nm。
[FSM][BALANCE_STAND] 前馈力矩持续放大：scale=1.30 first_frame_max_tau=12.900 Nm。
[FSM][BALANCE_STAND] 前馈力矩持续放大：scale=1.30 first_frame_max_tau=12.942 Nm。
[FSM][BALANCE_STAND] 前馈力矩持续放大：scale=1.30 first_frame_max_tau=12.964 Nm。
[FSM][BALANCE_STAND] 前馈力矩持续放大：scale=1.30 first_frame_max_tau=12.952 Nm。
[FSM][BALANCE_STAND] 前馈力矩持续放大：scale=1.30 first_frame_max_tau=12.907 Nm。
[FSM][BALANCE_STAND] 前馈力矩持续放大：scale=1.30 first_frame_max_tau=12.913 Nm。
[FSM][BALANCE_STAND] 前馈力矩持续放大：scale=1.30 first_frame_max_tau=12.929 Nm。
[FSM][BALANCE_STAND] 前馈力矩持续放大：scale=1.30 first_frame_max_tau=12.965 Nm。
[FSM][BALANCE_STAND] 前馈力矩持续放大：scale=1.30 first_frame_max_tau=12.942 Nm。
[FSM][BALANCE_STAND] 前馈力矩持续放大：scale=1.30 first_frame_max_tau=12.986 Nm。
[FSM][BALANCE_STAND] 前馈力矩持续放大：scale=1.30 first_frame_max_tau=12.968 Nm。
[FSM][BALANCE_STAND] 前馈力矩持续放大：scale=1.30 first_frame_max_tau=12.963 Nm。
[FSM][BALANCE_STAND] 前馈力矩持续放大：scale=1.30 first_frame_max_tau=12.959 Nm。
[FSM][BALANCE_STAND] 前馈力矩持续放大：scale=1.30 first_frame_max_tau=12.970 Nm。
[FSM][BALANCE_STAND] 前馈力矩持续放大：scale=1.30 first_frame_max_tau=12.942 Nm。
[FSM][BALANCE_STAND] 前馈力矩持续放大：scale=1.30 first_frame_max_tau=12.989 Nm。
[FSM][BALANCE_STAND] 前馈力矩持续放大：scale=1.30 first_frame_max_tau=13.024 Nm。
[FSM][BALANCE_STAND] 前馈力矩持续放大：scale=1.30 first_frame_max_tau=12.985 Nm。
[FSM][BALANCE_STAND] 前馈力矩持续放大：scale=1.30 first_frame_max_tau=12.899 Nm。
[FSM][BALANCE_STAND] 前馈力矩持续放大：scale=1.30 first_frame_max_tau=12.950 Nm。
[FSM][BALANCE_STAND] 前馈力矩持续放大：scale=1.30 first_frame_max_tau=12.982 Nm。
[FSM][BALANCE_STAND] 前馈力矩持续放大：scale=1.30 first_frame_max_tau=12.998 Nm。
[FSM][BALANCE_STAND] 前馈力矩持续放大：scale=1.30 first_frame_max_tau=12.994 Nm。
[FSM][BALANCE_STAND] 前馈力矩持续放大：scale=1.30 first_frame_max_tau=12.956 Nm。
[FSM][BALANCE_STAND] 前馈力矩持续放大：scale=1.30 first_frame_max_tau=13.021 Nm。
[FSM][BALANCE_STAND] 前馈力矩持续放大：scale=1.30 first_frame_max_tau=12.996 Nm。
[FSM][BALANCE_STAND] 前馈力矩持续放大：scale=1.30 first_frame_max_tau=12.946 Nm。
[FSM][BALANCE_STAND] 前馈力矩持续放大：scale=1.30 first_frame_max_tau=12.999 Nm。
[FSM][BALANCE_STAND] 前馈力矩持续放大：scale=1.30 first_frame_max_tau=12.978 Nm。
[FSM][BALANCE_STAND] 前馈力矩持续放大：scale=1.30 first_frame_max_tau=12.946 Nm。
[FSM][BALANCE_STAND] 前馈力矩持续放大：scale=1.30 first_frame_max_tau=12.942 Nm。
[FSM][BALANCE_STAND] 前馈力矩持续放大：scale=1.30 first_frame_max_tau=13.045 Nm。
[FSM][BALANCE_STAND] 前馈力矩持续放大：scale=1.30 first_frame_max_tau=12.988 Nm。
[FSM][BALANCE_STAND] 前馈力矩持续放大：scale=1.30 first_frame_max_tau=13.011 Nm。
[FSM][BALANCE_STAND] 前馈力矩持续放大：scale=1.30 first_frame_max_tau=12.995 Nm。
[FSM][BALANCE_STAND] 前馈力矩持续放大：scale=1.30 first_frame_max_tau=13.030 Nm。
[FSM][BALANCE_STAND] 前馈力矩持续放大：scale=1.30 first_frame_max_tau=13.010 Nm。
[FSM][BALANCE_STAND] 前馈力矩持续放大：scale=1.30 first_frame_max_tau=13.065 Nm。
[FSM][BALANCE_STAND] 前馈力矩持续放大：scale=1.30 first_frame_max_tau=12.976 Nm。
[FSM][BALANCE_STAND] 前馈力矩持续放大：scale=1.30 first_frame_max_tau=13.022 Nm。
[FSM][BALANCE_STAND] 前馈力矩持续放大：scale=1.30 first_frame_max_tau=13.062 Nm。
[FSM][BALANCE_STAND] 前馈力矩持续放大：scale=1.30 first_frame_max_tau=12.991 Nm。
[FSM][BALANCE_STAND] 前馈力矩持续放大：scale=1.30 first_frame_max_tau=13.028 Nm。
[FSM][BALANCE_STAND] 前馈力矩持续放大：scale=1.30 first_frame_max_tau=13.014 Nm。
[FSM][BALANCE_STAND] 前馈力矩持续放大：scale=1.30 first_frame_max_tau=13.050 Nm。
[FSM][BALANCE_STAND] 前馈力矩持续放大：scale=1.30 first_frame_max_tau=12.991 Nm。
[FSM][BALANCE_STAND] 前馈力矩持续放大：scale=1.30 first_frame_max_tau=13.035 Nm。
[FSM][BALANCE_STAND] 前馈力矩持续放大：scale=1.30 first_frame_max_tau=12.988 Nm。
[FSM][BALANCE_STAND] 前馈力矩持续放大：scale=1.30 first_frame_max_tau=12.978 Nm。
[FSM][BALANCE_STAND] 前馈力矩持续放大：scale=1.30 first_frame_max_tau=12.999 Nm。
[FSM][BALANCE_STAND] 前馈力矩持续放大：scale=1.30 first_frame_max_tau=12.987 Nm。
[FSM][BALANCE_STAND] 前馈力矩持续放大：scale=1.30 first_frame_max_tau=12.946 Nm。
[FSM][BALANCE_STAND] 前馈力矩持续放大：scale=1.30 first_frame_max_tau=13.030 Nm。
[FSM][BALANCE_STAND] 前馈力矩持续放大：scale=1.30 first_frame_max_tau=13.009 Nm。
[FSM][BALANCE_STAND] 前馈力矩持续放大：scale=1.30 first_frame_max_tau=13.046 Nm。
[FSM][BALANCE_STAND] 前馈力矩持续放大：scale=1.30 first_frame_max_tau=12.993 Nm。
[FSM][BALANCE_STAND] 前馈力矩持续放大：scale=1.30 first_frame_max_tau=13.036 Nm。
[FSM][BALANCE_STAND] 前馈力矩持续放大：scale=1.30 first_frame_max_tau=13.010 Nm。
[FSM][BALANCE_STAND] 前馈力矩持续放大：scale=1.30 first_frame_max_tau=12.999 Nm。
[FSM][BALANCE_STAND] 前馈力矩持续放大：scale=1.30 first_frame_max_tau=12.956 Nm。
[FSM][BALANCE_STAND] 前馈力矩持续放大：scale=1.30 first_frame_max_tau=12.974 Nm。
[FSM][BALANCE_STAND] 前馈力矩持续放大：scale=1.30 first_frame_max_tau=13.015 Nm。
[FSM][BALANCE_STAND] 前馈力矩持续放大：scale=1.30 first_frame_max_tau=13.022 Nm。
[FSM][BALANCE_STAND] 前馈力矩持续放大：scale=1.30 first_frame_max_tau=13.014 Nm。
[FSM][BALANCE_STAND] 前馈力矩持续放大：scale=1.30 first_frame_max_tau=13.061 Nm。
[FSM][BALANCE_STAND] 前馈力矩持续放大：scale=1.30 first_frame_max_tau=13.080 Nm。
[FSM][BALANCE_STAND] 前馈力矩持续放大：scale=1.30 first_frame_max_tau=13.000 Nm。
[FSM][BALANCE_STAND] 前馈力矩持续放大：scale=1.30 first_frame_max_tau=13.091 Nm。
[FSM][BALANCE_STAND] 前馈力矩持续放大：scale=1.30 first_frame_max_tau=13.074 Nm。
[FSM][BALANCE_STAND] 前馈力矩持续放大：scale=1.30 first_frame_max_tau=13.071 Nm。
[FSM][BALANCE_STAND] 前馈力矩持续放大：scale=1.30 first_frame_max_tau=13.010 Nm。
[FSM][BALANCE_STAND] 前馈力矩持续放大：scale=1.30 first_frame_max_tau=13.035 Nm。
[FSM][BALANCE_STAND] 前馈力矩持续放大：scale=1.30 first_frame_max_tau=13.043 Nm。
[FSM][BALANCE_STAND] 前馈力矩持续放大：scale=1.30 first_frame_max_tau=13.017 Nm。
[FSM][BALANCE_STAND] 前馈力矩持续放大：scale=1.30 first_frame_max_tau=13.100 Nm。
[FSM][BALANCE_STAND] 前馈力矩持续放大：scale=1.30 first_frame_max_tau=12.957 Nm。
[FSM][BALANCE_STAND] 前馈力矩持续放大：scale=1.30 first_frame_max_tau=13.021 Nm。
[FSM][BALANCE_STAND] 前馈力矩持续放大：scale=1.30 first_frame_max_tau=13.070 Nm。
[FSM][BALANCE_STAND] 前馈力矩持续放大：scale=1.30 first_frame_max_tau=13.048 Nm。
[FSM][BALANCE_STAND] 前馈力矩持续放大：scale=1.30 first_frame_max_tau=13.039 Nm。
[FSM][BALANCE_STAND] 前馈力矩持续放大：scale=1.30 first_frame_max_tau=13.011 Nm。
[FSM][BALANCE_STAND] 前馈力矩持续放大：scale=1.30 first_frame_max_tau=13.042 Nm。
[FSM][BALANCE_STAND] 前馈力矩持续放大：scale=1.30 first_frame_max_tau=13.009 Nm。
[FSM][BALANCE_STAND] 前馈力矩持续放大：scale=1.30 first_frame_max_tau=13.040 Nm。
[FSM][BALANCE_STAND] 前馈力矩持续放大：scale=1.30 first_frame_max_tau=13.078 Nm。
[FSM][BALANCE_STAND] 前馈力矩持续放大：scale=1.30 first_frame_max_tau=13.019 Nm。
[FSM][BALANCE_STAND] 前馈力矩持续放大：scale=1.30 first_frame_max_tau=13.056 Nm。
[FSM][BALANCE_STAND] 前馈力矩持续放大：scale=1.30 first_frame_max_tau=13.020 Nm。
[FSM][BALANCE_STAND] 前馈力矩持续放大：scale=1.30 first_frame_max_tau=13.041 Nm。
[FSM][BALANCE_STAND] 前馈力矩持续放大：scale=1.30 first_frame_max_tau=13.033 Nm。
[FSM][BALANCE_STAND] 前馈力矩持续放大：scale=1.30 first_frame_max_tau=13.080 Nm。
[FSM][BALANCE_STAND] 前馈力矩持续放大：scale=1.30 first_frame_max_tau=13.013 Nm。
[FSM][BALANCE_STAND] 前馈力矩持续放大：scale=1.30 first_frame_max_tau=13.036 Nm。
[FSM][BALANCE_STAND] 前馈力矩持续放大：scale=1.30 first_frame_max_tau=13.003 Nm。
[FSM][BALANCE_STAND] 前馈力矩持续放大：scale=1.30 first_frame_max_tau=13.029 Nm。
[FSM][BALANCE_STAND] 前馈力矩持续放大：scale=1.30 first_frame_max_tau=13.036 Nm。
[FSM][BALANCE_STAND] 前馈力矩持续放大：scale=1.30 first_frame_max_tau=13.021 Nm。
[FSM][BALANCE_STAND] 前馈力矩持续放大：scale=1.30 first_frame_max_tau=13.043 Nm。
[FSM][BALANCE_STAND] 前馈力矩持续放大：scale=1.30 first_frame_max_tau=12.957 Nm。
[FSM][BALANCE_STAND] 前馈力矩持续放大：scale=1.30 first_frame_max_tau=13.063 Nm。
[FSM][BALANCE_STAND] 前馈力矩持续放大：scale=1.30 first_frame_max_tau=13.001 Nm。
[WBC][TIMING][SUMMARY] end_iteration=17500 samples=500 avg_ms=0.214732 max_ms=0.974181 budget_ms=2.000 overruns=0。
[FSM][BALANCE_STAND] 前馈力矩持续放大：scale=1.30 first_frame_max_tau=13.046 Nm。
[FSM][BALANCE_STAND] 前馈力矩持续放大：scale=1.30 first_frame_max_tau=13.051 Nm。
[FSM][BALANCE_STAND] 前馈力矩持续放大：scale=1.30 first_frame_max_tau=13.020 Nm。
[WBC][TIMING][SUMMARY] end_iteration=1000 samples=500 avg_ms=0.215123 max_ms=0.772382 budget_ms=2.000 overruns=0。
[FSM][BALANCE_STAND] 前馈力矩持续放大：scale=1.30 first_frame_max_tau=13.005 Nm。
[FSM][BALANCE_STAND] 前馈力矩持续放大：scale=1.30 first_frame_max_tau=13.053 Nm。
[FSM][BALANCE_STAND] 前馈力矩持续放大：scale=1.30 first_frame_max_tau=13.050 Nm。
[FSM][BALANCE_STAND] 前馈力矩持续放大：scale=1.30 first_frame_max_tau=12.994 Nm。
[FSM][BALANCE_STAND] 前馈力矩持续放大：scale=1.30 first_frame_max_tau=13.057 Nm。
[FSM][BALANCE_STAND] 前馈力矩持续放大：scale=1.30 first_frame_max_tau=13.045 Nm。
[FSM][BALANCE_STAND] 前馈力矩持续放大：scale=1.30 first_frame_max_tau=13.033 Nm。
[FSM][BALANCE_STAND] 前馈力矩持续放大：scale=1.30 first_frame_max_tau=13.040 Nm。
[FSM][BALANCE_STAND] 前馈力矩持续放大：scale=1.30 first_frame_max_tau=13.008 Nm。
[FSM][BALANCE_STAND] 前馈力矩持续放大：scale=1.30 first_frame_max_tau=13.032 Nm。
[FSM][BALANCE_STAND] 前馈力矩持续放大：scale=1.30 first_frame_max_tau=13.061 Nm。
[FSM][BALANCE_STAND] 前馈力矩持续放大：scale=1.30 first_frame_max_tau=13.050 Nm。
[FSM][BALANCE_STAND] 前馈力矩持续放大：scale=1.30 first_frame_max_tau=13.074 Nm。
[FSM][BALANCE_STAND] 前馈力矩持续放大：scale=1.30 first_frame_max_tau=13.068 Nm。
[FSM][BALANCE_STAND] 前馈力矩持续放大：scale=1.30 first_frame_max_tau=13.021 Nm。
[FSM][BALANCE_STAND] 前馈力矩持续放大：scale=1.30 first_frame_max_tau=13.052 Nm。
[FSM][BALANCE_STAND] 前馈力矩持续放大：scale=1.30 first_frame_max_tau=12.997 Nm。
[FSM][BALANCE_STAND] 前馈力矩持续放大：scale=1.30 first_frame_max_tau=13.031 Nm。
[FSM][BALANCE_STAND] 前馈力矩持续放大：scale=1.30 first_frame_max_tau=12.974 Nm。
[FSM][BALANCE_STAND] 前馈力矩持续放大：scale=1.30 first_frame_max_tau=13.050 Nm。
[FSM][BALANCE_STAND] 前馈力矩持续放大：scale=1.30 first_frame_max_tau=13.014 Nm。
[FSM][BALANCE_STAND] 前馈力矩持续放大：scale=1.30 first_frame_max_tau=12.990 Nm。
[FSM][BALANCE_STAND] 前馈力矩持续放大：scale=1.30 first_frame_max_tau=13.115 Nm。
[FSM][BALANCE_STAND] 前馈力矩持续放大：scale=1.30 first_frame_max_tau=13.066 Nm。
[FSM][BALANCE_STAND] 前馈力矩持续放大：scale=1.30 first_frame_max_tau=12.978 Nm。
[FSM][BALANCE_STAND] 前馈力矩持续放大：scale=1.30 first_frame_max_tau=13.039 Nm。
[FSM][BALANCE_STAND] 前馈力矩持续放大：scale=1.30 first_frame_max_tau=13.018 Nm。
[FSM][BALANCE_STAND] 前馈力矩持续放大：scale=1.30 first_frame_max_tau=13.094 Nm。
[FSM][BALANCE_STAND] 前馈力矩持续放大：scale=1.30 first_frame_max_tau=13.038 Nm。
[FSM][BALANCE_STAND] 前馈力矩持续放大：scale=1.30 first_frame_max_tau=13.087 Nm。
[FSM][BALANCE_STAND] 前馈力矩持续放大：scale=1.30 first_frame_max_tau=13.024 Nm。
[FSM][BALANCE_STAND] 前馈力矩持续放大：scale=1.30 first_frame_max_tau=13.017 Nm。
[FSM][BALANCE_STAND] 前馈力矩持续放大：scale=1.30 first_frame_max_tau=13.051 Nm。
[FSM][BALANCE_STAND] 前馈力矩持续放大：scale=1.30 first_frame_max_tau=13.069 Nm。
[FSM][BALANCE_STAND] 前馈力矩持续放大：scale=1.30 first_frame_max_tau=13.026 Nm。
[FSM][BALANCE_STAND] 前馈力矩持续放大：scale=1.30 first_frame_max_tau=13.000 Nm。
[FSM][BALANCE_STAND] 前馈力矩持续放大：scale=1.30 first_frame_max_tau=13.076 Nm。
[FSM][BALANCE_STAND] 前馈力矩持续放大：scale=1.30 first_frame_max_tau=13.052 Nm。
[FSM][BALANCE_STAND] 前馈力矩持续放大：scale=1.30 first_frame_max_tau=13.071 Nm。
[FSM][BALANCE_STAND] 前馈力矩持续放大：scale=1.30 first_frame_max_tau=13.045 Nm。
[FSM][BALANCE_STAND] 前馈力矩持续放大：scale=1.30 first_frame_max_tau=12.964 Nm。
[FSM][BALANCE_STAND] 前馈力矩持续放大：scale=1.30 first_frame_max_tau=13.048 Nm。
[FSM][BALANCE_STAND] 前馈力矩持续放大：scale=1.30 first_frame_max_tau=13.058 Nm。
[FSM][BALANCE_STAND] 前馈力矩持续放大：scale=1.30 first_frame_max_tau=13.066 Nm。
[FSM][BALANCE_STAND] 前馈力矩持续放大：scale=1.30 first_frame_max_tau=13.075 Nm。
[FSM][BALANCE_STAND] 前馈力矩持续放大：scale=1.30 first_frame_max_tau=13.065 Nm。
[FSM][BALANCE_STAND] 前馈力矩持续放大：scale=1.30 first_frame_max_tau=13.061 Nm。
[FSM][BALANCE_STAND] 前馈力矩持续放大：scale=1.30 first_frame_max_tau=13.032 Nm。
[FSM][BALANCE_STAND] 前馈力矩持续放大：scale=1.30 first_frame_max_tau=13.035 Nm。
[FSM][BALANCE_STAND] 前馈力矩持续放大：scale=1.30 first_frame_max_tau=13.005 Nm。
[FSM][BALANCE_STAND] 前馈力矩持续放大：scale=1.30 first_frame_max_tau=13.061 Nm。
[FSM][BALANCE_STAND] 前馈力矩持续放大：scale=1.30 first_frame_max_tau=13.063 Nm。
[FSM][BALANCE_STAND] 前馈力矩持续放大：scale=1.30 first_frame_max_tau=13.114 Nm。
[FSM][BALANCE_STAND] 前馈力矩持续放大：scale=1.30 first_frame_max_tau=13.002 Nm。
[FSM][BALANCE_STAND] 前馈力矩持续放大：scale=1.30 first_frame_max_tau=13.135 Nm。
[FSM][BALANCE_STAND] 前馈力矩持续放大：scale=1.30 first_frame_max_tau=13.064 Nm。
[FSM][BALANCE_STAND] 前馈力矩持续放大：scale=1.30 first_frame_max_tau=13.078 Nm。
[FSM][BALANCE_STAND] 前馈力矩持续放大：scale=1.30 first_frame_max_tau=13.023 Nm。
[FSM][BALANCE_STAND] 前馈力矩持续放大：scale=1.30 first_frame_max_tau=13.043 Nm。
[FSM][BALANCE_STAND] 前馈力矩持续放大：scale=1.30 first_frame_max_tau=13.037 Nm。
[FSM][BALANCE_STAND] 前馈力矩持续放大：scale=1.30 first_frame_max_tau=13.057 Nm。
[FSM][BALANCE_STAND] 前馈力矩持续放大：scale=1.30 first_frame_max_tau=13.015 Nm。
[FSM][BALANCE_STAND] 前馈力矩持续放大：scale=1.30 first_frame_max_tau=12.996 Nm。
[FSM][BALANCE_STAND] 前馈力矩持续放大：scale=1.30 first_frame_max_tau=13.035 Nm。
[FSM][BALANCE_STAND] 前馈力矩持续放大：scale=1.30 first_frame_max_tau=13.051 Nm。
[FSM][BALANCE_STAND] 前馈力矩持续放大：scale=1.30 first_frame_max_tau=13.108 Nm。
[FSM][BALANCE_STAND] 前馈力矩持续放大：scale=1.30 first_frame_max_tau=13.051 Nm。
[FSM][BALANCE_STAND] 前馈力矩持续放大：scale=1.30 first_frame_max_tau=13.054 Nm。
[FSM][BALANCE_STAND] 前馈力矩持续放大：scale=1.30 first_frame_max_tau=13.074 Nm。
[FSM][BALANCE_STAND] 前馈力矩持续放大：scale=1.30 first_frame_max_tau=13.136 Nm。
[FSM][BALANCE_STAND] 前馈力矩持续放大：scale=1.30 first_frame_max_tau=13.059 Nm。
[FSM][BALANCE_STAND] 前馈力矩持续放大：scale=1.30 first_frame_max_tau=13.076 Nm。
[FSM][BALANCE_STAND] 前馈力矩持续放大：scale=1.30 first_frame_max_tau=13.060 Nm。
[FSM][BALANCE_STAND] 前馈力矩持续放大：scale=1.30 first_frame_max_tau=12.991 Nm。
[FSM][BALANCE_STAND] 前馈力矩持续放大：scale=1.30 first_frame_max_tau=13.137 Nm。
[FSM][BALANCE_STAND] 前馈力矩持续放大：scale=1.30 first_frame_max_tau=13.043 Nm。
[FSM][BALANCE_STAND] 前馈力矩持续放大：scale=1.30 first_frame_max_tau=13.048 Nm。
[FSM][BALANCE_STAND] 前馈力矩持续放大：scale=1.30 first_frame_max_tau=13.082 Nm。
[FSM][BALANCE_STAND] 前馈力矩持续放大：scale=1.30 first_frame_max_tau=13.004 Nm。
[FSM][BALANCE_STAND] 前馈力矩持续放大：scale=1.30 first_frame_max_tau=13.088 Nm。
[FSM][BALANCE_STAND] 前馈力矩持续放大：scale=1.30 first_frame_max_tau=13.064 Nm。
[FSM][BALANCE_STAND] 前馈力矩持续放大：scale=1.30 first_frame_max_tau=13.059 Nm。
[FSM][BALANCE_STAND] 前馈力矩持续放大：scale=1.30 first_frame_max_tau=12.991 Nm。
[FSM][BALANCE_STAND] 前馈力矩持续放大：scale=1.30 first_frame_max_tau=13.084 Nm。
[FSM][BALANCE_STAND] 前馈力矩持续放大：scale=1.30 first_frame_max_tau=13.078 Nm。
[FSM][BALANCE_STAND] 前馈力矩持续放大：scale=1.30 first_frame_max_tau=13.117 Nm。
[FSM][BALANCE_STAND] 前馈力矩持续放大：scale=1.30 first_frame_max_tau=13.070 Nm。
[FSM][BALANCE_STAND] 前馈力矩持续放大：scale=1.30 first_frame_max_tau=13.082 Nm。
[FSM][BALANCE_STAND] 前馈力矩持续放大：scale=1.30 first_frame_max_tau=13.067 Nm。
[FSM][BALANCE_STAND] 前馈力矩持续放大：scale=1.30 first_frame_max_tau=13.054 Nm。
[FSM][BALANCE_STAND] 前馈力矩持续放大：scale=1.30 first_frame_max_tau=13.101 Nm。
[FSM][BALANCE_STAND] 前馈力矩持续放大：scale=1.30 first_frame_max_tau=13.044 Nm。
[FSM][BALANCE_STAND] 前馈力矩持续放大：scale=1.30 first_frame_max_tau=13.061 Nm。
[FSM][BALANCE_STAND] 前馈力矩持续放大：scale=1.30 first_frame_max_tau=13.089 Nm。
[FSM][BALANCE_STAND] 前馈力矩持续放大：scale=1.30 first_frame_max_tau=13.007 Nm。
[FSM][BALANCE_STAND] 前馈力矩持续放大：scale=1.30 first_frame_max_tau=13.040 Nm。
[FSM][BALANCE_STAND] 前馈力矩持续放大：scale=1.30 first_frame_max_tau=13.042 Nm。
[FSM][BALANCE_STAND] 前馈力矩持续放大：scale=1.30 first_frame_max_tau=13.114 Nm。
[FSM][BALANCE_STAND] 前馈力矩持续放大：scale=1.30 first_frame_max_tau=13.084 Nm。
[FSM][BALANCE_STAND] 前馈力矩持续放大：scale=1.30 first_frame_max_tau=13.166 Nm。
[FSM][BALANCE_STAND] 前馈力矩持续放大：scale=1.30 first_frame_max_tau=13.102 Nm。
[FSM][BALANCE_STAND] 前馈力矩持续放大：scale=1.30 first_frame_max_tau=13.142 Nm。
[FSM][BALANCE_STAND] 前馈力矩持续放大：scale=1.30 first_frame_max_tau=13.212 Nm。
[FSM][BALANCE_STAND] 前馈力矩持续放大：scale=1.30 first_frame_max_tau=13.159 Nm。
[FSM][BALANCE_STAND] 前馈力矩持续放大：scale=1.30 first_frame_max_tau=13.118 Nm。
[FSM][BALANCE_STAND] 前馈力矩持续放大：scale=1.30 first_frame_max_tau=13.152 Nm。
[FSM][BALANCE_STAND] 前馈力矩持续放大：scale=1.30 first_frame_max_tau=13.202 Nm。
[FSM][BALANCE_STAND] 前馈力矩持续放大：scale=1.30 first_frame_max_tau=13.176 Nm。
[FSM][BALANCE_STAND] 前馈力矩持续放大：scale=1.30 first_frame_max_tau=13.216 Nm。
[FSM][BALANCE_STAND] 前馈力矩持续放大：scale=1.30 first_frame_max_tau=13.218 Nm。
[FSM][BALANCE_STAND] 前馈力矩持续放大：scale=1.30 first_frame_max_tau=13.171 Nm。
[FSM][BALANCE_STAND] 前馈力矩持续放大：scale=1.30 first_frame_max_tau=13.178 Nm。
[FSM][BALANCE_STAND] 前馈力矩持续放大：scale=1.30 first_frame_max_tau=13.250 Nm。
[FSM][BALANCE_STAND] 前馈力矩持续放大：scale=1.30 first_frame_max_tau=13.280 Nm。
[FSM][BALANCE_STAND] 前馈力矩持续放大：scale=1.30 first_frame_max_tau=13.243 Nm。
[FSM][BALANCE_STAND] 前馈力矩持续放大：scale=1.30 first_frame_max_tau=13.247 Nm。
[FSM][BALANCE_STAND] 前馈力矩持续放大：scale=1.30 first_frame_max_tau=13.188 Nm。
[FSM][BALANCE_STAND] 前馈力矩持续放大：scale=1.30 first_frame_max_tau=13.251 Nm。
[FSM][BALANCE_STAND] 前馈力矩持续放大：scale=1.30 first_frame_max_tau=13.270 Nm。
[FSM][BALANCE_STAND] 前馈力矩持续放大：scale=1.30 first_frame_max_tau=13.270 Nm。
[FSM][BALANCE_STAND] 前馈力矩持续放大：scale=1.30 first_frame_max_tau=13.268 Nm。
[FSM][BALANCE_STAND] 前馈力矩持续放大：scale=1.30 first_frame_max_tau=13.273 Nm。
[FSM][BALANCE_STAND] 前馈力矩持续放大：scale=1.30 first_frame_max_tau=13.279 Nm。
[FSM][BALANCE_STAND] 前馈力矩持续放大：scale=1.30 first_frame_max_tau=13.289 Nm。
[FSM][BALANCE_STAND] 前馈力矩持续放大：scale=1.30 first_frame_max_tau=13.320 Nm。
[FSM][BALANCE_STAND] 前馈力矩持续放大：scale=1.30 first_frame_max_tau=13.248 Nm。
[FSM][BALANCE_STAND] 前馈力矩持续放大：scale=1.30 first_frame_max_tau=13.299 Nm。
[FSM][BALANCE_STAND] 前馈力矩持续放大：scale=1.30 first_frame_max_tau=13.224 Nm。
[FSM][BALANCE_STAND] 前馈力矩持续放大：scale=1.30 first_frame_max_tau=13.298 Nm。
[FSM][BALANCE_STAND] 前馈力矩持续放大：scale=1.30 first_frame_max_tau=13.328 Nm。
[FSM][BALANCE_STAND] 前馈力矩持续放大：scale=1.30 first_frame_max_tau=13.382 Nm。
[FSM][BALANCE_STAND] 前馈力矩持续放大：scale=1.30 first_frame_max_tau=13.330 Nm。
[FSM][BALANCE_STAND] 前馈力矩持续放大：scale=1.30 first_frame_max_tau=13.290 Nm。
[FSM][BALANCE_STAND] 前馈力矩持续放大：scale=1.30 first_frame_max_tau=13.299 Nm。
[FSM][BALANCE_STAND] 前馈力矩持续放大：scale=1.30 first_frame_max_tau=13.322 Nm。
[FSM][BALANCE_STAND] 前馈力矩持续放大：scale=1.30 first_frame_max_tau=13.313 Nm。
[FSM][BALANCE_STAND] 前馈力矩持续放大：scale=1.30 first_frame_max_tau=13.349 Nm。
[FSM][BALANCE_STAND] 前馈力矩持续放大：scale=1.30 first_frame_max_tau=13.326 Nm。
[FSM][BALANCE_STAND] 前馈力矩持续放大：scale=1.30 first_frame_max_tau=13.382 Nm。
[FSM][BALANCE_STAND] 前馈力矩持续放大：scale=1.30 first_frame_max_tau=13.332 Nm。
[FSM][BALANCE_STAND] 前馈力矩持续放大：scale=1.30 first_frame_max_tau=13.341 Nm。
[FSM][BALANCE_STAND] 前馈力矩持续放大：scale=1.30 first_frame_max_tau=13.333 Nm。
[FSM][BALANCE_STAND] 前馈力矩持续放大：scale=1.30 first_frame_max_tau=13.392 Nm。
[FSM][BALANCE_STAND] 前馈力矩持续放大：scale=1.30 first_frame_max_tau=13.389 Nm。
[FSM][BALANCE_STAND] 前馈力矩持续放大：scale=1.30 first_frame_max_tau=13.340 Nm。
[FSM][BALANCE_STAND] 前馈力矩持续放大：scale=1.30 first_frame_max_tau=13.341 Nm。
[FSM][BALANCE_STAND] 前馈力矩持续放大：scale=1.30 first_frame_max_tau=13.387 Nm。
[FSM][BALANCE_STAND] 前馈力矩持续放大：scale=1.30 first_frame_max_tau=13.396 Nm。
[FSM][BALANCE_STAND] 前馈力矩持续放大：scale=1.30 first_frame_max_tau=13.336 Nm。
[FSM][BALANCE_STAND] 前馈力矩持续放大：scale=1.30 first_frame_max_tau=13.366 Nm。
[FSM][BALANCE_STAND] 前馈力矩持续放大：scale=1.30 first_frame_max_tau=13.391 Nm。
[FSM][BALANCE_STAND] 前馈力矩持续放大：scale=1.30 first_frame_max_tau=13.443 Nm。
[FSM][BALANCE_STAND] 前馈力矩持续放大：scale=1.30 first_frame_max_tau=13.350 Nm。
[FSM][BALANCE_STAND] 前馈力矩持续放大：scale=1.30 first_frame_max_tau=13.341 Nm。
[FSM][BALANCE_STAND] 前馈力矩持续放大：scale=1.30 first_frame_max_tau=13.366 Nm。
[FSM][BALANCE_STAND] 前馈力矩持续放大：scale=1.30 first_frame_max_tau=13.333 Nm。
[FSM][BALANCE_STAND] 前馈力矩持续放大：scale=1.30 first_frame_max_tau=13.413 Nm。
[FSM][BALANCE_STAND] 前馈力矩持续放大：scale=1.30 first_frame_max_tau=13.426 Nm。
[FSM][BALANCE_STAND] 前馈力矩持续放大：scale=1.30 first_frame_max_tau=13.360 Nm。
[FSM][BALANCE_STAND] 前馈力矩持续放大：scale=1.30 first_frame_max_tau=13.416 Nm。
[FSM][BALANCE_STAND] 前馈力矩持续放大：scale=1.30 first_frame_max_tau=13.392 Nm。
[FSM][BALANCE_STAND] 前馈力矩持续放大：scale=1.30 first_frame_max_tau=13.366 Nm。
[FSM][BALANCE_STAND] 前馈力矩持续放大：scale=1.30 first_frame_max_tau=13.428 Nm。
[FSM][BALANCE_STAND] 前馈力矩持续放大：scale=1.30 first_frame_max_tau=13.340 Nm。
[FSM][BALANCE_STAND] 前馈力矩持续放大：scale=1.30 first_frame_max_tau=13.402 Nm。
[FSM][BALANCE_STAND] 前馈力矩持续放大：scale=1.30 first_frame_max_tau=13.397 Nm。
[FSM][BALANCE_STAND] 前馈力矩持续放大：scale=1.30 first_frame_max_tau=13.365 Nm。
[FSM][BALANCE_STAND] 前馈力矩持续放大：scale=1.30 first_frame_max_tau=13.378 Nm。
[FSM][BALANCE_STAND] 前馈力矩持续放大：scale=1.30 first_frame_max_tau=13.383 Nm。
[FSM][BALANCE_STAND] 前馈力矩持续放大：scale=1.30 first_frame_max_tau=13.407 Nm。
[FSM][BALANCE_STAND] 前馈力矩持续放大：scale=1.30 first_frame_max_tau=13.377 Nm。
[FSM][BALANCE_STAND] 前馈力矩持续放大：scale=1.30 first_frame_max_tau=13.420 Nm。
[WBC][TIMING] iteration=1172 elapsed_ms=3.331953 budget_ms=2.000 overrun=true success=true tasks=2 contacts=4。
[FSM][BALANCE_STAND] 前馈力矩持续放大：scale=1.30 first_frame_max_tau=13.460 Nm。
DM1 键盘控制周期超过截止时间：fsm=BALANCE_STAND elapsed_ms=3.528 late_ms=1.850 send_motor_frame=false；已重新同步周期。
[FSM][BALANCE_STAND] 前馈力矩持续放大：scale=1.30 first_frame_max_tau=13.506 Nm。
[FSM][BALANCE_STAND] 前馈力矩持续放大：scale=1.30 first_frame_max_tau=13.429 Nm。
[FSM][BALANCE_STAND] 前馈力矩持续放大：scale=1.30 first_frame_max_tau=13.536 Nm。
[FSM][BALANCE_STAND] 前馈力矩持续放大：scale=1.30 first_frame_max_tau=13.451 Nm。
[FSM][BALANCE_STAND] 前馈力矩持续放大：scale=1.30 first_frame_max_tau=13.463 Nm。
[FSM][BALANCE_STAND] 前馈力矩持续放大：scale=1.30 first_frame_max_tau=13.468 Nm。
[FSM][BALANCE_STAND] 前馈力矩持续放大：scale=1.30 first_frame_max_tau=13.401 Nm。
[FSM][BALANCE_STAND] 前馈力矩持续放大：scale=1.30 first_frame_max_tau=13.405 Nm。
[FSM][BALANCE_STAND] 前馈力矩持续放大：scale=1.30 first_frame_max_tau=13.458 Nm。
[FSM][BALANCE_STAND] 前馈力矩持续放大：scale=1.30 first_frame_max_tau=13.421 Nm。
[FSM][BALANCE_STAND] 前馈力矩持续放大：scale=1.30 first_frame_max_tau=13.465 Nm。
[FSM][BALANCE_STAND] 前馈力矩持续放大：scale=1.30 first_frame_max_tau=13.412 Nm。
[FSM][BALANCE_STAND] 前馈力矩持续放大：scale=1.30 first_frame_max_tau=13.461 Nm。
[FSM][BALANCE_STAND] 前馈力矩持续放大：scale=1.30 first_frame_max_tau=13.472 Nm。
[FSM][BALANCE_STAND] 前馈力矩持续放大：scale=1.30 first_frame_max_tau=13.449 Nm。
[FSM][BALANCE_STAND] 前馈力矩持续放大：scale=1.30 first_frame_max_tau=13.442 Nm。
[FSM][BALANCE_STAND] 前馈力矩持续放大：scale=1.30 first_frame_max_tau=13.410 Nm。
[FSM][BALANCE_STAND] 前馈力矩持续放大：scale=1.30 first_frame_max_tau=13.445 Nm。
[FSM][BALANCE_STAND] 前馈力矩持续放大：scale=1.30 first_frame_max_tau=13.437 Nm。
[FSM][BALANCE_STAND] 前馈力矩持续放大：scale=1.30 first_frame_max_tau=13.429 Nm。
[FSM][BALANCE_STAND] 前馈力矩持续放大：scale=1.30 first_frame_max_tau=13.416 Nm。
[FSM][BALANCE_STAND] 前馈力矩持续放大：scale=1.30 first_frame_max_tau=13.476 Nm。
[FSM][BALANCE_STAND] 前馈力矩持续放大：scale=1.30 first_frame_max_tau=13.464 Nm。
[FSM][BALANCE_STAND] 前馈力矩持续放大：scale=1.30 first_frame_max_tau=13.463 Nm。
[FSM][BALANCE_STAND] 前馈力矩持续放大：scale=1.30 first_frame_max_tau=13.376 Nm。
[FSM][BALANCE_STAND] 前馈力矩持续放大：scale=1.30 first_frame_max_tau=13.458 Nm。
[FSM][BALANCE_STAND] 前馈力矩持续放大：scale=1.30 first_frame_max_tau=13.402 Nm。
[FSM][BALANCE_STAND] 前馈力矩持续放大：scale=1.30 first_frame_max_tau=13.410 Nm。
[FSM][BALANCE_STAND] 前馈力矩持续放大：scale=1.30 first_frame_max_tau=13.450 Nm。
[FSM][BALANCE_STAND] 前馈力矩持续放大：scale=1.30 first_frame_max_tau=13.401 Nm。
[FSM][BALANCE_STAND] 前馈力矩持续放大：scale=1.30 first_frame_max_tau=13.374 Nm。
[FSM][BALANCE_STAND] 前馈力矩持续放大：scale=1.30 first_frame_max_tau=13.365 Nm。
[FSM][BALANCE_STAND] 前馈力矩持续放大：scale=1.30 first_frame_max_tau=13.400 Nm。
[FSM][BALANCE_STAND] 前馈力矩持续放大：scale=1.30 first_frame_max_tau=13.436 Nm。
[FSM][BALANCE_STAND] 前馈力矩持续放大：scale=1.30 first_frame_max_tau=13.369 Nm。
[FSM][BALANCE_STAND] 前馈力矩持续放大：scale=1.30 first_frame_max_tau=13.438 Nm。
[FSM][BALANCE_STAND] 前馈力矩持续放大：scale=1.30 first_frame_max_tau=13.367 Nm。
[FSM][BALANCE_STAND] 前馈力矩持续放大：scale=1.30 first_frame_max_tau=13.407 Nm。
[FSM][BALANCE_STAND] 前馈力矩持续放大：scale=1.30 first_frame_max_tau=13.367 Nm。
[FSM][BALANCE_STAND] 前馈力矩持续放大：scale=1.30 first_frame_max_tau=13.384 Nm。
[FSM][BALANCE_STAND] 前馈力矩持续放大：scale=1.30 first_frame_max_tau=13.372 Nm。
[FSM][BALANCE_STAND] 前馈力矩持续放大：scale=1.30 first_frame_max_tau=13.416 Nm。
[FSM][BALANCE_STAND] 前馈力矩持续放大：scale=1.30 first_frame_max_tau=13.432 Nm。
[FSM][BALANCE_STAND] 前馈力矩持续放大：scale=1.30 first_frame_max_tau=13.449 Nm。
[FSM][BALANCE_STAND] 前馈力矩持续放大：scale=1.30 first_frame_max_tau=13.419 Nm。
[FSM][BALANCE_STAND] 前馈力矩持续放大：scale=1.30 first_frame_max_tau=13.369 Nm。
[FSM][BALANCE_STAND] 前馈力矩持续放大：scale=1.30 first_frame_max_tau=13.465 Nm。
[FSM][BALANCE_STAND] 前馈力矩持续放大：scale=1.30 first_frame_max_tau=13.392 Nm。
[FSM][BALANCE_STAND] 前馈力矩持续放大：scale=1.30 first_frame_max_tau=13.393 Nm。
[FSM][BALANCE_STAND] 前馈力矩持续放大：scale=1.30 first_frame_max_tau=13.427 Nm。
[FSM][BALANCE_STAND] 前馈力矩持续放大：scale=1.30 first_frame_max_tau=13.366 Nm。
[FSM][BALANCE_STAND] 前馈力矩持续放大：scale=1.30 first_frame_max_tau=13.421 Nm。
[FSM][BALANCE_STAND] 前馈力矩持续放大：scale=1.30 first_frame_max_tau=13.446 Nm。
[FSM][BALANCE_STAND] 前馈力矩持续放大：scale=1.30 first_frame_max_tau=13.386 Nm。
[FSM][BALANCE_STAND] 前馈力矩持续放大：scale=1.30 first_frame_max_tau=13.346 Nm。
[FSM][BALANCE_STAND] 前馈力矩持续放大：scale=1.30 first_frame_max_tau=13.384 Nm。
[FSM][BALANCE_STAND] 前馈力矩持续放大：scale=1.30 first_frame_max_tau=13.410 Nm。
[FSM][BALANCE_STAND] 前馈力矩持续放大：scale=1.30 first_frame_max_tau=13.427 Nm。
[FSM][BALANCE_STAND] 前馈力矩持续放大：scale=1.30 first_frame_max_tau=13.422 Nm。
[FSM][BALANCE_STAND] 前馈力矩持续放大：scale=1.30 first_frame_max_tau=13.475 Nm。
[FSM][BALANCE_STAND] 前馈力矩持续放大：scale=1.30 first_frame_max_tau=13.407 Nm。
[FSM][BALANCE_STAND] 前馈力矩持续放大：scale=1.30 first_frame_max_tau=13.465 Nm。
[FSM][BALANCE_STAND] 前馈力矩持续放大：scale=1.30 first_frame_max_tau=13.438 Nm。
[FSM][BALANCE_STAND] 前馈力矩持续放大：scale=1.30 first_frame_max_tau=13.404 Nm。
[FSM][BALANCE_STAND] 前馈力矩持续放大：scale=1.30 first_frame_max_tau=13.453 Nm。
[FSM][BALANCE_STAND] 前馈力矩持续放大：scale=1.30 first_frame_max_tau=13.452 Nm。
[FSM][BALANCE_STAND] 前馈力矩持续放大：scale=1.30 first_frame_max_tau=13.432 Nm。
[FSM][BALANCE_STAND] 前馈力矩持续放大：scale=1.30 first_frame_max_tau=13.374 Nm。
[FSM][BALANCE_STAND] 前馈力矩持续放大：scale=1.30 first_frame_max_tau=13.426 Nm。
[FSM][BALANCE_STAND] 前馈力矩持续放大：scale=1.30 first_frame_max_tau=13.410 Nm。
[FSM][BALANCE_STAND] 前馈力矩持续放大：scale=1.30 first_frame_max_tau=13.391 Nm。
[FSM][BALANCE_STAND] 前馈力矩持续放大：scale=1.30 first_frame_max_tau=13.443 Nm。
[FSM][BALANCE_STAND] 前馈力矩持续放大：scale=1.30 first_frame_max_tau=13.437 Nm。
[FSM][BALANCE_STAND] 前馈力矩持续放大：scale=1.30 first_frame_max_tau=13.405 Nm。
[FSM][BALANCE_STAND] 前馈力矩持续放大：scale=1.30 first_frame_max_tau=13.404 Nm。
[FSM][BALANCE_STAND] 前馈力矩持续放大：scale=1.30 first_frame_max_tau=13.403 Nm。
[FSM][BALANCE_STAND] 前馈力矩持续放大：scale=1.30 first_frame_max_tau=13.386 Nm。
[FSM][BALANCE_STAND] 前馈力矩持续放大：scale=1.30 first_frame_max_tau=13.420 Nm。
[FSM][BALANCE_STAND] 前馈力矩持续放大：scale=1.30 first_frame_max_tau=13.406 Nm。
[FSM][BALANCE_STAND] 前馈力矩持续放大：scale=1.30 first_frame_max_tau=13.449 Nm。
[FSM][BALANCE_STAND] 前馈力矩持续放大：scale=1.30 first_frame_max_tau=13.412 Nm。
[FSM][BALANCE_STAND] 前馈力矩持续放大：scale=1.30 first_frame_max_tau=13.411 Nm。
[FSM][BALANCE_STAND] 前馈力矩持续放大：scale=1.30 first_frame_max_tau=13.387 Nm。
[FSM][BALANCE_STAND] 前馈力矩持续放大：scale=1.30 first_frame_max_tau=13.477 Nm。
[FSM][BALANCE_STAND] 前馈力矩持续放大：scale=1.30 first_frame_max_tau=13.377 Nm。
[FSM][BALANCE_STAND] 前馈力矩持续放大：scale=1.30 first_frame_max_tau=13.430 Nm。
[FSM][BALANCE_STAND] 前馈力矩持续放大：scale=1.30 first_frame_max_tau=13.423 Nm。
[FSM][BALANCE_STAND] 前馈力矩持续放大：scale=1.30 first_frame_max_tau=13.461 Nm。
[FSM][BALANCE_STAND] 前馈力矩持续放大：scale=1.30 first_frame_max_tau=13.366 Nm。
[FSM][BALANCE_STAND] 前馈力矩持续放大：scale=1.30 first_frame_max_tau=13.443 Nm。
[FSM][BALANCE_STAND] 前馈力矩持续放大：scale=1.30 first_frame_max_tau=13.424 Nm。
[FSM][BALANCE_STAND] 前馈力矩持续放大：scale=1.30 first_frame_max_tau=13.488 Nm。
[FSM][BALANCE_STAND] 前馈力矩持续放大：scale=1.30 first_frame_max_tau=13.450 Nm。
[FSM][BALANCE_STAND] 前馈力矩持续放大：scale=1.30 first_frame_max_tau=13.405 Nm。
[FSM][BALANCE_STAND] 前馈力矩持续放大：scale=1.30 first_frame_max_tau=13.408 Nm。
[FSM][BALANCE_STAND] 前馈力矩持续放大：scale=1.30 first_frame_max_tau=13.458 Nm。
[FSM][BALANCE_STAND] 前馈力矩持续放大：scale=1.30 first_frame_max_tau=13.415 Nm。
[FSM][BALANCE_STAND] 前馈力矩持续放大：scale=1.30 first_frame_max_tau=13.447 Nm。
[FSM][BALANCE_STAND] 前馈力矩持续放大：scale=1.30 first_frame_max_tau=13.446 Nm。
[FSM][BALANCE_STAND] 前馈力矩持续放大：scale=1.30 first_frame_max_tau=13.423 Nm。
[FSM][BALANCE_STAND] 前馈力矩持续放大：scale=1.30 first_frame_max_tau=13.420 Nm。
[FSM][BALANCE_STAND] 前馈力矩持续放大：scale=1.30 first_frame_max_tau=13.434 Nm。
[FSM][BALANCE_STAND] 前馈力矩持续放大：scale=1.30 first_frame_max_tau=13.462 Nm。
[FSM][BALANCE_STAND] 前馈力矩持续放大：scale=1.30 first_frame_max_tau=13.504 Nm。
[FSM][BALANCE_STAND] 前馈力矩持续放大：scale=1.30 first_frame_max_tau=13.436 Nm。
[FSM][BALANCE_STAND] 前馈力矩持续放大：scale=1.30 first_frame_max_tau=13.434 Nm。
[FSM][BALANCE_STAND] 前馈力矩持续放大：scale=1.30 first_frame_max_tau=13.459 Nm。
[FSM][BALANCE_STAND] 前馈力矩持续放大：scale=1.30 first_frame_max_tau=13.427 Nm。
[FSM][BALANCE_STAND] 前馈力矩持续放大：scale=1.30 first_frame_max_tau=13.449 Nm。
[FSM][BALANCE_STAND] 前馈力矩持续放大：scale=1.30 first_frame_max_tau=13.386 Nm。
[FSM][BALANCE_STAND] 前馈力矩持续放大：scale=1.30 first_frame_max_tau=13.456 Nm。
[FSM][BALANCE_STAND] 前馈力矩持续放大：scale=1.30 first_frame_max_tau=13.410 Nm。
[FSM][BALANCE_STAND] 前馈力矩持续放大：scale=1.30 first_frame_max_tau=13.419 Nm。
[FSM][BALANCE_STAND] 前馈力矩持续放大：scale=1.30 first_frame_max_tau=13.415 Nm。
[FSM][BALANCE_STAND] 前馈力矩持续放大：scale=1.30 first_frame_max_tau=13.400 Nm。
[FSM][BALANCE_STAND] 前馈力矩持续放大：scale=1.30 first_frame_max_tau=13.449 Nm。
[FSM][BALANCE_STAND] 前馈力矩持续放大：scale=1.30 first_frame_max_tau=13.457 Nm。
[FSM][BALANCE_STAND] 前馈力矩持续放大：scale=1.30 first_frame_max_tau=13.349 Nm。
[FSM][BALANCE_STAND] 前馈力矩持续放大：scale=1.30 first_frame_max_tau=13.427 Nm。
[FSM][BALANCE_STAND] 前馈力矩持续放大：scale=1.30 first_frame_max_tau=13.438 Nm。
[FSM][BALANCE_STAND] 前馈力矩持续放大：scale=1.30 first_frame_max_tau=13.445 Nm。
[FSM][BALANCE_STAND] 前馈力矩持续放大：scale=1.30 first_frame_max_tau=13.436 Nm。
[FSM][BALANCE_STAND] 前馈力矩持续放大：scale=1.30 first_frame_max_tau=13.402 Nm。
[FSM][BALANCE_STAND] 前馈力矩持续放大：scale=1.30 first_frame_max_tau=13.448 Nm。
[FSM][BALANCE_STAND] 前馈力矩持续放大：scale=1.30 first_frame_max_tau=13.399 Nm。
[FSM][BALANCE_STAND] 前馈力矩持续放大：scale=1.30 first_frame_max_tau=13.461 Nm。
[FSM][BALANCE_STAND] 前馈力矩持续放大：scale=1.30 first_frame_max_tau=13.390 Nm。
[FSM][BALANCE_STAND] 前馈力矩持续放大：scale=1.30 first_frame_max_tau=13.379 Nm。
[FSM][BALANCE_STAND] 前馈力矩持续放大：scale=1.30 first_frame_max_tau=13.437 Nm。
[FSM][BALANCE_STAND] 前馈力矩持续放大：scale=1.30 first_frame_max_tau=13.471 Nm。
[FSM][BALANCE_STAND] 前馈力矩持续放大：scale=1.30 first_frame_max_tau=13.393 Nm。
[FSM][BALANCE_STAND] 前馈力矩持续放大：scale=1.30 first_frame_max_tau=13.478 Nm。
[FSM][BALANCE_STAND] 前馈力矩持续放大：scale=1.30 first_frame_max_tau=13.408 Nm。
[FSM][BALANCE_STAND] 前馈力矩持续放大：scale=1.30 first_frame_max_tau=13.396 Nm。
[FSM][BALANCE_STAND] 前馈力矩持续放大：scale=1.30 first_frame_max_tau=13.432 Nm。
[FSM][BALANCE_STAND] 前馈力矩持续放大：scale=1.30 first_frame_max_tau=13.415 Nm。
[FSM][BALANCE_STAND] 前馈力矩持续放大：scale=1.30 first_frame_max_tau=13.436 Nm。
[FSM][BALANCE_STAND] 前馈力矩持续放大：scale=1.30 first_frame_max_tau=13.405 Nm。
[FSM][BALANCE_STAND] 前馈力矩持续放大：scale=1.30 first_frame_max_tau=13.457 Nm。
[FSM][BALANCE_STAND] 前馈力矩持续放大：scale=1.30 first_frame_max_tau=13.416 Nm。
[FSM][BALANCE_STAND] 前馈力矩持续放大：scale=1.30 first_frame_max_tau=13.462 Nm。
[FSM][BALANCE_STAND] 前馈力矩持续放大：scale=1.30 first_frame_max_tau=13.353 Nm。
[FSM][BALANCE_STAND] 前馈力矩持续放大：scale=1.30 first_frame_max_tau=13.412 Nm。
[FSM][BALANCE_STAND] 前馈力矩持续放大：scale=1.30 first_frame_max_tau=13.468 Nm。
[FSM][BALANCE_STAND] 前馈力矩持续放大：scale=1.30 first_frame_max_tau=13.395 Nm。
[FSM][BALANCE_STAND] 前馈力矩持续放大：scale=1.30 first_frame_max_tau=13.403 Nm。
[FSM][BALANCE_STAND] 前馈力矩持续放大：scale=1.30 first_frame_max_tau=13.425 Nm。
[FSM][BALANCE_STAND] 前馈力矩持续放大：scale=1.30 first_frame_max_tau=13.434 Nm。
[FSM][BALANCE_STAND] 前馈力矩持续放大：scale=1.30 first_frame_max_tau=13.485 Nm。
[FSM][BALANCE_STAND] 前馈力矩持续放大：scale=1.30 first_frame_max_tau=13.424 Nm。
[FSM][BALANCE_STAND] 前馈力矩持续放大：scale=1.30 first_frame_max_tau=13.396 Nm。
[FSM][BALANCE_STAND] 前馈力矩持续放大：scale=1.30 first_frame_max_tau=13.469 Nm。
[FSM][BALANCE_STAND] 前馈力矩持续放大：scale=1.30 first_frame_max_tau=13.444 Nm。
[FSM][BALANCE_STAND] 前馈力矩持续放大：scale=1.30 first_frame_max_tau=13.449 Nm。
[FSM][BALANCE_STAND] 前馈力矩持续放大：scale=1.30 first_frame_max_tau=13.470 Nm。
[FSM][BALANCE_STAND] 前馈力矩持续放大：scale=1.30 first_frame_max_tau=13.514 Nm。
[FSM][BALANCE_STAND] 前馈力矩持续放大：scale=1.30 first_frame_max_tau=13.496 Nm。
[FSM][BALANCE_STAND] 前馈力矩持续放大：scale=1.30 first_frame_max_tau=13.485 Nm。
[FSM][BALANCE_STAND] 前馈力矩持续放大：scale=1.30 first_frame_max_tau=13.481 Nm。
[FSM][BALANCE_STAND] 前馈力矩持续放大：scale=1.30 first_frame_max_tau=13.460 Nm。
[FSM][BALANCE_STAND] 前馈力矩持续放大：scale=1.30 first_frame_max_tau=13.557 Nm。
[FSM][BALANCE_STAND] 前馈力矩持续放大：scale=1.30 first_frame_max_tau=13.507 Nm。
[FSM][BALANCE_STAND] 前馈力矩持续放大：scale=1.30 first_frame_max_tau=13.479 Nm。
[FSM][BALANCE_STAND] 前馈力矩持续放大：scale=1.30 first_frame_max_tau=13.560 Nm。
[FSM][BALANCE_STAND] 前馈力矩持续放大：scale=1.30 first_frame_max_tau=13.607 Nm。
[FSM][BALANCE_STAND] 前馈力矩持续放大：scale=1.30 first_frame_max_tau=13.524 Nm。
[FSM][BALANCE_STAND] 前馈力矩持续放大：scale=1.30 first_frame_max_tau=13.584 Nm。
[FSM][BALANCE_STAND] 前馈力矩持续放大：scale=1.30 first_frame_max_tau=13.552 Nm。
[FSM][BALANCE_STAND] 前馈力矩持续放大：scale=1.30 first_frame_max_tau=13.597 Nm。
[FSM][BALANCE_STAND] 前馈力矩持续放大：scale=1.30 first_frame_max_tau=13.568 Nm。
[FSM][BALANCE_STAND] 前馈力矩持续放大：scale=1.30 first_frame_max_tau=13.605 Nm。
[FSM][BALANCE_STAND] 前馈力矩持续放大：scale=1.30 first_frame_max_tau=13.612 Nm。
[FSM][BALANCE_STAND] 前馈力矩持续放大：scale=1.30 first_frame_max_tau=13.587 Nm。
[FSM][BALANCE_STAND] 前馈力矩持续放大：scale=1.30 first_frame_max_tau=13.627 Nm。
[FSM][BALANCE_STAND] 前馈力矩持续放大：scale=1.30 first_frame_max_tau=13.602 Nm。
[FSM][BALANCE_STAND] 前馈力矩持续放大：scale=1.30 first_frame_max_tau=13.590 Nm。
[FSM][BALANCE_STAND] 前馈力矩持续放大：scale=1.30 first_frame_max_tau=13.647 Nm。
[FSM][BALANCE_STAND] 前馈力矩持续放大：scale=1.30 first_frame_max_tau=13.612 Nm。
[FSM][BALANCE_STAND] 前馈力矩持续放大：scale=1.30 first_frame_max_tau=13.670 Nm。
[FSM][BALANCE_STAND] 前馈力矩持续放大：scale=1.30 first_frame_max_tau=13.581 Nm。
[FSM][BALANCE_STAND] 前馈力矩持续放大：scale=1.30 first_frame_max_tau=13.660 Nm。
[FSM][BALANCE_STAND] 前馈力矩持续放大：scale=1.30 first_frame_max_tau=13.626 Nm。
[FSM][BALANCE_STAND] 前馈力矩持续放大：scale=1.30 first_frame_max_tau=13.639 Nm。
[FSM][BALANCE_STAND] 前馈力矩持续放大：scale=1.30 first_frame_max_tau=13.666 Nm。
[FSM][BALANCE_STAND] 前馈力矩持续放大：scale=1.30 first_frame_max_tau=13.707 Nm。
[FSM][BALANCE_STAND] 前馈力矩持续放大：scale=1.30 first_frame_max_tau=13.670 Nm。
[FSM][BALANCE_STAND] 前馈力矩持续放大：scale=1.30 first_frame_max_tau=13.681 Nm。
[FSM][BALANCE_STAND] 前馈力矩持续放大：scale=1.30 first_frame_max_tau=13.642 Nm。
[FSM][BALANCE_STAND] 前馈力矩持续放大：scale=1.30 first_frame_max_tau=13.702 Nm。
[FSM][BALANCE_STAND] 前馈力矩持续放大：scale=1.30 first_frame_max_tau=13.682 Nm。
[FSM][BALANCE_STAND] 前馈力矩持续放大：scale=1.30 first_frame_max_tau=13.642 Nm。
[FSM][BALANCE_STAND] 前馈力矩持续放大：scale=1.30 first_frame_max_tau=13.652 Nm。
[FSM][BALANCE_STAND] 前馈力矩持续放大：scale=1.30 first_frame_max_tau=13.661 Nm。
[FSM][BALANCE_STAND] 前馈力矩持续放大：scale=1.30 first_frame_max_tau=13.689 Nm。
[FSM][BALANCE_STAND] 前馈力矩持续放大：scale=1.30 first_frame_max_tau=13.690 Nm。
[FSM][BALANCE_STAND] 前馈力矩持续放大：scale=1.30 first_frame_max_tau=13.685 Nm。
DM1 键盘控制周期超过截止时间：fsm=BALANCE_STAND elapsed_ms=2.468 late_ms=0.547 send_motor_frame=false；已重新同步周期。
[FSM][BALANCE_STAND] 前馈力矩持续放大：scale=1.30 first_frame_max_tau=13.645 Nm。
[FSM][BALANCE_STAND] 前馈力矩持续放大：scale=1.30 first_frame_max_tau=13.691 Nm。
[FSM][BALANCE_STAND] 前馈力矩持续放大：scale=1.30 first_frame_max_tau=13.682 Nm。
[FSM][BALANCE_STAND] 前馈力矩持续放大：scale=1.30 first_frame_max_tau=13.709 Nm。
[FSM][BALANCE_STAND] 前馈力矩持续放大：scale=1.30 first_frame_max_tau=13.620 Nm。
[FSM][BALANCE_STAND] 前馈力矩持续放大：scale=1.30 first_frame_max_tau=13.740 Nm。
[FSM][BALANCE_STAND] 前馈力矩持续放大：scale=1.30 first_frame_max_tau=13.702 Nm。
[FSM][BALANCE_STAND] 前馈力矩持续放大：scale=1.30 first_frame_max_tau=13.808 Nm。
[FSM][BALANCE_STAND] 前馈力矩持续放大：scale=1.30 first_frame_max_tau=13.673 Nm。
[FSM][BALANCE_STAND] 前馈力矩持续放大：scale=1.30 first_frame_max_tau=13.738 Nm。
[FSM][BALANCE_STAND] 前馈力矩持续放大：scale=1.30 first_frame_max_tau=13.712 Nm。
[FSM][BALANCE_STAND] 前馈力矩持续放大：scale=1.30 first_frame_max_tau=13.726 Nm。
[FSM][BALANCE_STAND] 前馈力矩持续放大：scale=1.30 first_frame_max_tau=13.699 Nm。
[FSM][BALANCE_STAND] 前馈力矩持续放大：scale=1.30 first_frame_max_tau=13.728 Nm。
[FSM][BALANCE_STAND] 前馈力矩持续放大：scale=1.30 first_frame_max_tau=13.687 Nm。
[FSM][BALANCE_STAND] 前馈力矩持续放大：scale=1.30 first_frame_max_tau=13.740 Nm。
[FSM][BALANCE_STAND] 前馈力矩持续放大：scale=1.30 first_frame_max_tau=13.753 Nm。
[FSM][BALANCE_STAND] 前馈力矩持续放大：scale=1.30 first_frame_max_tau=13.743 Nm。
[FSM][BALANCE_STAND] 前馈力矩持续放大：scale=1.30 first_frame_max_tau=13.681 Nm。
[FSM][BALANCE_STAND] 前馈力矩持续放大：scale=1.30 first_frame_max_tau=13.811 Nm。
[FSM][BALANCE_STAND] 前馈力矩持续放大：scale=1.30 first_frame_max_tau=13.787 Nm。
[FSM][BALANCE_STAND] 前馈力矩持续放大：scale=1.30 first_frame_max_tau=13.770 Nm。
[FSM][BALANCE_STAND] 前馈力矩持续放大：scale=1.30 first_frame_max_tau=13.742 Nm。
[FSM][BALANCE_STAND] 前馈力矩持续放大：scale=1.30 first_frame_max_tau=13.760 Nm。
[FSM][BALANCE_STAND] 前馈力矩持续放大：scale=1.30 first_frame_max_tau=13.727 Nm。
[FSM][BALANCE_STAND] 前馈力矩持续放大：scale=1.30 first_frame_max_tau=13.724 Nm。
[FSM][BALANCE_STAND] 前馈力矩持续放大：scale=1.30 first_frame_max_tau=13.729 Nm。
[FSM][BALANCE_STAND] 前馈力矩持续放大：scale=1.30 first_frame_max_tau=13.737 Nm。
[FSM][BALANCE_STAND] 前馈力矩持续放大：scale=1.30 first_frame_max_tau=13.712 Nm。
[FSM][BALANCE_STAND] 前馈力矩持续放大：scale=1.30 first_frame_max_tau=13.740 Nm。
[FSM][BALANCE_STAND] 前馈力矩持续放大：scale=1.30 first_frame_max_tau=13.713 Nm。
[FSM][BALANCE_STAND] 前馈力矩持续放大：scale=1.30 first_frame_max_tau=13.802 Nm。
[FSM][BALANCE_STAND] 前馈力矩持续放大：scale=1.30 first_frame_max_tau=13.729 Nm。
[FSM][BALANCE_STAND] 前馈力矩持续放大：scale=1.30 first_frame_max_tau=13.750 Nm。
[FSM][BALANCE_STAND] 前馈力矩持续放大：scale=1.30 first_frame_max_tau=13.747 Nm。
[FSM][BALANCE_STAND] 前馈力矩持续放大：scale=1.30 first_frame_max_tau=13.734 Nm。
[FSM][BALANCE_STAND] 前馈力矩持续放大：scale=1.30 first_frame_max_tau=13.752 Nm。
[FSM][BALANCE_STAND] 前馈力矩持续放大：scale=1.30 first_frame_max_tau=13.750 Nm。
[FSM][BALANCE_STAND] 前馈力矩持续放大：scale=1.30 first_frame_max_tau=13.788 Nm。
[FSM][BALANCE_STAND] 前馈力矩持续放大：scale=1.30 first_frame_max_tau=13.698 Nm。
[FSM][BALANCE_STAND] 前馈力矩持续放大：scale=1.30 first_frame_max_tau=13.737 Nm。
[FSM][BALANCE_STAND] 前馈力矩持续放大：scale=1.30 first_frame_max_tau=13.766 Nm。
[FSM][BALANCE_STAND] 前馈力矩持续放大：scale=1.30 first_frame_max_tau=13.733 Nm。
[FSM][BALANCE_STAND] 前馈力矩持续放大：scale=1.30 first_frame_max_tau=13.786 Nm。
[FSM][BALANCE_STAND] 前馈力矩持续放大：scale=1.30 first_frame_max_tau=13.710 Nm。
[FSM][BALANCE_STAND] 前馈力矩持续放大：scale=1.30 first_frame_max_tau=13.769 Nm。
[FSM][BALANCE_STAND] 前馈力矩持续放大：scale=1.30 first_frame_max_tau=13.720 Nm。
[FSM][BALANCE_STAND] 前馈力矩持续放大：scale=1.30 first_frame_max_tau=13.707 Nm。
[FSM][BALANCE_STAND] 前馈力矩持续放大：scale=1.30 first_frame_max_tau=13.732 Nm。
[FSM][BALANCE_STAND] 前馈力矩持续放大：scale=1.30 first_frame_max_tau=13.783 Nm。
[FSM][BALANCE_STAND] 前馈力矩持续放大：scale=1.30 first_frame_max_tau=13.750 Nm。
[FSM][BALANCE_STAND] 前馈力矩持续放大：scale=1.30 first_frame_max_tau=13.710 Nm。
[FSM][BALANCE_STAND] 前馈力矩持续放大：scale=1.30 first_frame_max_tau=13.772 Nm。
[FSM][BALANCE_STAND] 前馈力矩持续放大：scale=1.30 first_frame_max_tau=13.751 Nm。
[FSM][BALANCE_STAND] 前馈力矩持续放大：scale=1.30 first_frame_max_tau=13.749 Nm。
[FSM][BALANCE_STAND] 前馈力矩持续放大：scale=1.30 first_frame_max_tau=13.765 Nm。
[FSM][BALANCE_STAND] 前馈力矩持续放大：scale=1.30 first_frame_max_tau=13.793 Nm。
[FSM][BALANCE_STAND] 前馈力矩持续放大：scale=1.30 first_frame_max_tau=13.750 Nm。
[FSM][BALANCE_STAND] 前馈力矩持续放大：scale=1.30 first_frame_max_tau=13.743 Nm。
[FSM][BALANCE_STAND] 前馈力矩持续放大：scale=1.30 first_frame_max_tau=13.744 Nm。
[FSM][BALANCE_STAND] 前馈力矩持续放大：scale=1.30 first_frame_max_tau=13.762 Nm。
[FSM][BALANCE_STAND] 前馈力矩持续放大：scale=1.30 first_frame_max_tau=13.756 Nm。
[FSM][BALANCE_STAND] 前馈力矩持续放大：scale=1.30 first_frame_max_tau=13.760 Nm。
[FSM][BALANCE_STAND] 前馈力矩持续放大：scale=1.30 first_frame_max_tau=13.714 Nm。
[FSM][BALANCE_STAND] 前馈力矩持续放大：scale=1.30 first_frame_max_tau=13.768 Nm。
[FSM][BALANCE_STAND] 前馈力矩持续放大：scale=1.30 first_frame_max_tau=13.769 Nm。
[FSM][BALANCE_STAND] 前馈力矩持续放大：scale=1.30 first_frame_max_tau=13.803 Nm。
[FSM][BALANCE_STAND] 前馈力矩持续放大：scale=1.30 first_frame_max_tau=13.766 Nm。
[FSM][BALANCE_STAND] 前馈力矩持续放大：scale=1.30 first_frame_max_tau=13.786 Nm。
[FSM][BALANCE_STAND] 前馈力矩持续放大：scale=1.30 first_frame_max_tau=13.810 Nm。
[FSM][BALANCE_STAND] 前馈力矩持续放大：scale=1.30 first_frame_max_tau=13.785 Nm。
[FSM][BALANCE_STAND] 前馈力矩持续放大：scale=1.30 first_frame_max_tau=13.796 Nm。
[FSM][BALANCE_STAND] 前馈力矩持续放大：scale=1.30 first_frame_max_tau=13.805 Nm。
[FSM][BALANCE_STAND] 前馈力矩持续放大：scale=1.30 first_frame_max_tau=13.716 Nm。
[FSM][BALANCE_STAND] 前馈力矩持续放大：scale=1.30 first_frame_max_tau=13.808 Nm。
[FSM][BALANCE_STAND] 前馈力矩持续放大：scale=1.30 first_frame_max_tau=13.724 Nm。
[FSM][BALANCE_STAND] 前馈力矩持续放大：scale=1.30 first_frame_max_tau=13.787 Nm。
[FSM][BALANCE_STAND] 前馈力矩持续放大：scale=1.30 first_frame_max_tau=13.713 Nm。
[FSM][BALANCE_STAND] 前馈力矩持续放大：scale=1.30 first_frame_max_tau=13.794 Nm。
[FSM][BALANCE_STAND] 前馈力矩持续放大：scale=1.30 first_frame_max_tau=13.817 Nm。
[FSM][BALANCE_STAND] 前馈力矩持续放大：scale=1.30 first_frame_max_tau=13.849 Nm。
[FSM][BALANCE_STAND] 前馈力矩持续放大：scale=1.30 first_frame_max_tau=13.791 Nm。
[FSM][BALANCE_STAND] 前馈力矩持续放大：scale=1.30 first_frame_max_tau=13.810 Nm。
[FSM][BALANCE_STAND] 前馈力矩持续放大：scale=1.30 first_frame_max_tau=13.744 Nm。
[FSM][BALANCE_STAND] 前馈力矩持续放大：scale=1.30 first_frame_max_tau=13.794 Nm。
[FSM][BALANCE_STAND] 前馈力矩持续放大：scale=1.30 first_frame_max_tau=13.776 Nm。
[FSM][BALANCE_STAND] 前馈力矩持续放大：scale=1.30 first_frame_max_tau=13.731 Nm。
[FSM][BALANCE_STAND] 前馈力矩持续放大：scale=1.30 first_frame_max_tau=13.761 Nm。
[FSM][BALANCE_STAND] 前馈力矩持续放大：scale=1.30 first_frame_max_tau=13.778 Nm。
[FSM][BALANCE_STAND] 前馈力矩持续放大：scale=1.30 first_frame_max_tau=13.813 Nm。
[FSM][BALANCE_STAND] 前馈力矩持续放大：scale=1.30 first_frame_max_tau=13.807 Nm。
[FSM][BALANCE_STAND] 前馈力矩持续放大：scale=1.30 first_frame_max_tau=13.821 Nm。
[FSM][BALANCE_STAND] 前馈力矩持续放大：scale=1.30 first_frame_max_tau=13.820 Nm。
[FSM][BALANCE_STAND] 前馈力矩持续放大：scale=1.30 first_frame_max_tau=13.756 Nm。
[FSM][BALANCE_STAND] 前馈力矩持续放大：scale=1.30 first_frame_max_tau=13.776 Nm。
[FSM][BALANCE_STAND] 前馈力矩持续放大：scale=1.30 first_frame_max_tau=13.762 Nm。
[FSM][BALANCE_STAND] 前馈力矩持续放大：scale=1.30 first_frame_max_tau=13.796 Nm。
[FSM][BALANCE_STAND] 前馈力矩持续放大：scale=1.30 first_frame_max_tau=13.757 Nm。
[FSM][BALANCE_STAND] 前馈力矩持续放大：scale=1.30 first_frame_max_tau=13.762 Nm。
[FSM][BALANCE_STAND] 前馈力矩持续放大：scale=1.30 first_frame_max_tau=13.730 Nm。
[FSM][BALANCE_STAND] 前馈力矩持续放大：scale=1.30 first_frame_max_tau=13.813 Nm。
[FSM][BALANCE_STAND] 前馈力矩持续放大：scale=1.30 first_frame_max_tau=13.775 Nm。
[FSM][BALANCE_STAND] 前馈力矩持续放大：scale=1.30 first_frame_max_tau=13.843 Nm。
[FSM][BALANCE_STAND] 前馈力矩持续放大：scale=1.30 first_frame_max_tau=13.808 Nm。
DM1 键盘控制周期超过截止时间：fsm=BALANCE_STAND elapsed_ms=2.201 late_ms=0.263 send_motor_frame=false；已重新同步周期。
[FSM][BALANCE_STAND] 前馈力矩持续放大：scale=1.30 first_frame_max_tau=13.799 Nm。
[FSM][BALANCE_STAND] 前馈力矩持续放大：scale=1.30 first_frame_max_tau=13.896 Nm。
[FSM][BALANCE_STAND] 前馈力矩持续放大：scale=1.30 first_frame_max_tau=13.784 Nm。
[FSM][BALANCE_STAND] 前馈力矩持续放大：scale=1.30 first_frame_max_tau=13.761 Nm。
[FSM][BALANCE_STAND] 前馈力矩持续放大：scale=1.30 first_frame_max_tau=13.728 Nm。
[FSM][BALANCE_STAND] 前馈力矩持续放大：scale=1.30 first_frame_max_tau=13.796 Nm。
[FSM][BALANCE_STAND] 前馈力矩持续放大：scale=1.30 first_frame_max_tau=13.850 Nm。
[FSM][BALANCE_STAND] 前馈力矩持续放大：scale=1.30 first_frame_max_tau=13.774 Nm。
[FSM][BALANCE_STAND] 前馈力矩持续放大：scale=1.30 first_frame_max_tau=13.800 Nm。
[FSM][BALANCE_STAND] 前馈力矩持续放大：scale=1.30 first_frame_max_tau=13.810 Nm。
[FSM][BALANCE_STAND] 前馈力矩持续放大：scale=1.30 first_frame_max_tau=13.784 Nm。
[FSM][BALANCE_STAND] 前馈力矩持续放大：scale=1.30 first_frame_max_tau=13.726 Nm。
[FSM][BALANCE_STAND] 前馈力矩持续放大：scale=1.30 first_frame_max_tau=13.788 Nm。
[FSM][BALANCE_STAND] 前馈力矩持续放大：scale=1.30 first_frame_max_tau=13.821 Nm。
[FSM][BALANCE_STAND] 前馈力矩持续放大：scale=1.30 first_frame_max_tau=13.728 Nm。
[FSM][BALANCE_STAND] 前馈力矩持续放大：scale=1.30 first_frame_max_tau=13.713 Nm。
[FSM][BALANCE_STAND] 前馈力矩持续放大：scale=1.30 first_frame_max_tau=13.771 Nm。
[FSM][BALANCE_STAND] 前馈力矩持续放大：scale=1.30 first_frame_max_tau=13.769 Nm。
[FSM][BALANCE_STAND] 前馈力矩持续放大：scale=1.30 first_frame_max_tau=13.800 Nm。
[FSM][BALANCE_STAND] 前馈力矩持续放大：scale=1.30 first_frame_max_tau=13.812 Nm。
[FSM][BALANCE_STAND] 前馈力矩持续放大：scale=1.30 first_frame_max_tau=13.779 Nm。
[FSM][BALANCE_STAND] 前馈力矩持续放大：scale=1.30 first_frame_max_tau=13.795 Nm。
[FSM][BALANCE_STAND] 前馈力矩持续放大：scale=1.30 first_frame_max_tau=13.847 Nm。
[FSM][BALANCE_STAND] 前馈力矩持续放大：scale=1.30 first_frame_max_tau=13.799 Nm。
[WBC][TIMING][SUMMARY] end_iteration=18000 samples=500 avg_ms=0.151456 max_ms=0.833585 budget_ms=2.000 overruns=0。
[FSM][BALANCE_STAND] 前馈力矩持续放大：scale=1.30 first_frame_max_tau=13.745 Nm。
[FSM][BALANCE_STAND] 前馈力矩持续放大：scale=1.30 first_frame_max_tau=13.713 Nm。
[FSM][BALANCE_STAND] 前馈力矩持续放大：scale=1.30 first_frame_max_tau=13.821 Nm。
[WBC][TIMING][SUMMARY] end_iteration=1500 samples=500 avg_ms=0.195547 max_ms=3.331953 budget_ms=2.000 overruns=1。
[FSM][BALANCE_STAND] 前馈力矩持续放大：scale=1.30 first_frame_max_tau=13.783 Nm。
[FSM][BALANCE_STAND] 前馈力矩持续放大：scale=1.30 first_frame_max_tau=13.775 Nm。
[FSM][BALANCE_STAND] 前馈力矩持续放大：scale=1.30 first_frame_max_tau=13.758 Nm。
[FSM][BALANCE_STAND] 前馈力矩持续放大：scale=1.30 first_frame_max_tau=13.821 Nm。
[FSM][BALANCE_STAND] 前馈力矩持续放大：scale=1.30 first_frame_max_tau=13.829 Nm。
[FSM][BALANCE_STAND] 前馈力矩持续放大：scale=1.30 first_frame_max_tau=13.807 Nm。
[FSM][BALANCE_STAND] 前馈力矩持续放大：scale=1.30 first_frame_max_tau=13.753 Nm。
[FSM][BALANCE_STAND] 前馈力矩持续放大：scale=1.30 first_frame_max_tau=13.766 Nm。
[FSM][BALANCE_STAND] 前馈力矩持续放大：scale=1.30 first_frame_max_tau=13.834 Nm。
[FSM][BALANCE_STAND] 前馈力矩持续放大：scale=1.30 first_frame_max_tau=13.810 Nm。
[FSM][BALANCE_STAND] 前馈力矩持续放大：scale=1.30 first_frame_max_tau=13.770 Nm。
[FSM][BALANCE_STAND] 前馈力矩持续放大：scale=1.30 first_frame_max_tau=13.814 Nm。
[FSM][BALANCE_STAND] 前馈力矩持续放大：scale=1.30 first_frame_max_tau=13.747 Nm。
[FSM][BALANCE_STAND] 前馈力矩持续放大：scale=1.30 first_frame_max_tau=13.751 Nm。
[FSM][BALANCE_STAND] 前馈力矩持续放大：scale=1.30 first_frame_max_tau=13.849 Nm。
[FSM][BALANCE_STAND] 前馈力矩持续放大：scale=1.30 first_frame_max_tau=13.805 Nm。
[FSM][BALANCE_STAND] 前馈力矩持续放大：scale=1.30 first_frame_max_tau=13.796 Nm。
[FSM][BALANCE_STAND] 前馈力矩持续放大：scale=1.30 first_frame_max_tau=13.833 Nm。
[FSM][BALANCE_STAND] 前馈力矩持续放大：scale=1.30 first_frame_max_tau=13.719 Nm。
[FSM][BALANCE_STAND] 前馈力矩持续放大：scale=1.30 first_frame_max_tau=13.892 Nm。
[FSM][BALANCE_STAND] 前馈力矩持续放大：scale=1.30 first_frame_max_tau=13.780 Nm。
[FSM][BALANCE_STAND] 前馈力矩持续放大：scale=1.30 first_frame_max_tau=13.773 Nm。
[FSM][BALANCE_STAND] 前馈力矩持续放大：scale=1.30 first_frame_max_tau=13.805 Nm。
[FSM][BALANCE_STAND] 前馈力矩持续放大：scale=1.30 first_frame_max_tau=13.755 Nm。
[FSM][BALANCE_STAND] 前馈力矩持续放大：scale=1.30 first_frame_max_tau=13.789 Nm。
[FSM][BALANCE_STAND] 前馈力矩持续放大：scale=1.30 first_frame_max_tau=13.731 Nm。
[FSM][BALANCE_STAND] 前馈力矩持续放大：scale=1.30 first_frame_max_tau=13.778 Nm。
[FSM][BALANCE_STAND] 前馈力矩持续放大：scale=1.30 first_frame_max_tau=13.824 Nm。
[FSM][BALANCE_STAND] 前馈力矩持续放大：scale=1.30 first_frame_max_tau=13.789 Nm。
[FSM][BALANCE_STAND] 前馈力矩持续放大：scale=1.30 first_frame_max_tau=13.767 Nm。
[FSM][BALANCE_STAND] 前馈力矩持续放大：scale=1.30 first_frame_max_tau=13.795 Nm。
[FSM][BALANCE_STAND] 前馈力矩持续放大：scale=1.30 first_frame_max_tau=13.753 Nm。
[FSM][BALANCE_STAND] 前馈力矩持续放大：scale=1.30 first_frame_max_tau=13.832 Nm。
[FSM][BALANCE_STAND] 前馈力矩持续放大：scale=1.30 first_frame_max_tau=13.775 Nm。
[FSM][BALANCE_STAND] 前馈力矩持续放大：scale=1.30 first_frame_max_tau=13.723 Nm。
[FSM][BALANCE_STAND] 前馈力矩持续放大：scale=1.30 first_frame_max_tau=13.802 Nm。
[FSM][BALANCE_STAND] 前馈力矩持续放大：scale=1.30 first_frame_max_tau=13.751 Nm。
[FSM][BALANCE_STAND] 前馈力矩持续放大：scale=1.30 first_frame_max_tau=13.798 Nm。
[FSM][BALANCE_STAND] 前馈力矩持续放大：scale=1.30 first_frame_max_tau=13.754 Nm。
[FSM][BALANCE_STAND] 前馈力矩持续放大：scale=1.30 first_frame_max_tau=13.817 Nm。
[FSM][BALANCE_STAND] 前馈力矩持续放大：scale=1.30 first_frame_max_tau=13.828 Nm。
[FSM][BALANCE_STAND] 前馈力矩持续放大：scale=1.30 first_frame_max_tau=13.778 Nm。
[FSM][BALANCE_STAND] 前馈力矩持续放大：scale=1.30 first_frame_max_tau=13.880 Nm。
[FSM][BALANCE_STAND] 前馈力矩持续放大：scale=1.30 first_frame_max_tau=13.759 Nm。
[FSM][BALANCE_STAND] 前馈力矩持续放大：scale=1.30 first_frame_max_tau=13.793 Nm。
[FSM][BALANCE_STAND] 前馈力矩持续放大：scale=1.30 first_frame_max_tau=13.774 Nm。
[FSM][BALANCE_STAND] 前馈力矩持续放大：scale=1.30 first_frame_max_tau=13.778 Nm。
[FSM][BALANCE_STAND] 前馈力矩持续放大：scale=1.30 first_frame_max_tau=13.840 Nm。
[FSM][BALANCE_STAND] 前馈力矩持续放大：scale=1.30 first_frame_max_tau=13.781 Nm。
[FSM][BALANCE_STAND] 前馈力矩持续放大：scale=1.30 first_frame_max_tau=13.806 Nm。
[FSM][BALANCE_STAND] 前馈力矩持续放大：scale=1.30 first_frame_max_tau=13.826 Nm。
[FSM][BALANCE_STAND] 前馈力矩持续放大：scale=1.30 first_frame_max_tau=13.895 Nm。
[FSM][BALANCE_STAND] 前馈力矩持续放大：scale=1.30 first_frame_max_tau=13.854 Nm。
[FSM][BALANCE_STAND] 前馈力矩持续放大：scale=1.30 first_frame_max_tau=13.813 Nm。
[FSM][BALANCE_STAND] 前馈力矩持续放大：scale=1.30 first_frame_max_tau=13.873 Nm。
[FSM][BALANCE_STAND] 前馈力矩持续放大：scale=1.30 first_frame_max_tau=13.837 Nm。
[FSM][BALANCE_STAND] 前馈力矩持续放大：scale=1.30 first_frame_max_tau=13.792 Nm。
DM1 键盘控制周期超过截止时间：fsm=BALANCE_STAND elapsed_ms=1.982 late_ms=0.053 send_motor_frame=false；已重新同步周期。
[FSM][BALANCE_STAND] 前馈力矩持续放大：scale=1.30 first_frame_max_tau=13.784 Nm。
[FSM][BALANCE_STAND] 前馈力矩持续放大：scale=1.30 first_frame_max_tau=13.735 Nm。
[FSM][BALANCE_STAND] 前馈力矩持续放大：scale=1.30 first_frame_max_tau=13.807 Nm。
[FSM][BALANCE_STAND] 前馈力矩持续放大：scale=1.30 first_frame_max_tau=13.812 Nm。
[FSM][BALANCE_STAND] 前馈力矩持续放大：scale=1.30 first_frame_max_tau=13.815 Nm。
[FSM][BALANCE_STAND] 前馈力矩持续放大：scale=1.30 first_frame_max_tau=13.836 Nm。
[FSM][BALANCE_STAND] 前馈力矩持续放大：scale=1.30 first_frame_max_tau=13.821 Nm。
[FSM][BALANCE_STAND] 前馈力矩持续放大：scale=1.30 first_frame_max_tau=13.887 Nm。
[FSM][BALANCE_STAND] 前馈力矩持续放大：scale=1.30 first_frame_max_tau=13.869 Nm。
[FSM][BALANCE_STAND] 前馈力矩持续放大：scale=1.30 first_frame_max_tau=13.834 Nm。
[FSM][BALANCE_STAND] 前馈力矩持续放大：scale=1.30 first_frame_max_tau=13.883 Nm。
[FSM][BALANCE_STAND] 前馈力矩持续放大：scale=1.30 first_frame_max_tau=13.927 Nm。
[FSM][BALANCE_STAND] 前馈力矩持续放大：scale=1.30 first_frame_max_tau=13.929 Nm。
[FSM][BALANCE_STAND] 前馈力矩持续放大：scale=1.30 first_frame_max_tau=13.876 Nm。
[FSM][BALANCE_STAND] 前馈力矩持续放大：scale=1.30 first_frame_max_tau=13.964 Nm。
[FSM][BALANCE_STAND] 前馈力矩持续放大：scale=1.30 first_frame_max_tau=13.920 Nm。
[FSM][BALANCE_STAND] 前馈力矩持续放大：scale=1.30 first_frame_max_tau=13.925 Nm。
[FSM][BALANCE_STAND] 前馈力矩持续放大：scale=1.30 first_frame_max_tau=13.982 Nm。
[FSM][BALANCE_STAND] 前馈力矩持续放大：scale=1.30 first_frame_max_tau=14.006 Nm。
[FSM][BALANCE_STAND] 前馈力矩持续放大：scale=1.30 first_frame_max_tau=13.948 Nm。
[FSM][BALANCE_STAND] 前馈力矩持续放大：scale=1.30 first_frame_max_tau=13.962 Nm。
[FSM][BALANCE_STAND] 前馈力矩持续放大：scale=1.30 first_frame_max_tau=13.978 Nm。
[FSM][BALANCE_STAND] 前馈力矩持续放大：scale=1.30 first_frame_max_tau=13.960 Nm。
[FSM][BALANCE_STAND] 前馈力矩持续放大：scale=1.30 first_frame_max_tau=13.979 Nm。
[FSM][BALANCE_STAND] 前馈力矩持续放大：scale=1.30 first_frame_max_tau=13.986 Nm。
[FSM][BALANCE_STAND] 前馈力矩持续放大：scale=1.30 first_frame_max_tau=13.930 Nm。
[FSM][BALANCE_STAND] 前馈力矩持续放大：scale=1.30 first_frame_max_tau=14.005 Nm。
[WBC][TIMING][SUMMARY] end_iteration=18500 samples=500 avg_ms=0.255497 max_ms=0.924544 budget_ms=2.000 overruns=0。
DM1 MIT command rejected: scope=command leg=2 joint=2 field=total_torque actual=66.3386536 allowed=[-66,66]
DM1 CAN 发送失败：fsm=BALANCE_STAND now=63.180187 send_motor_frame=true；已丢弃当前帧，不补发。
[WBC][TIMING][SUMMARY] end_iteration=19000 samples=500 avg_ms=0.276886 max_ms=0.913114 budget_ms=2.000 overruns=0。
DM1 MIT command rejected: scope=command leg=0 joint=2 field=total_torque actual=170.55986 allowed=[-66,66]
DM1 CAN 发送失败：fsm=BALANCE_STAND now=64.180290 send_motor_frame=true；已丢弃当前帧，不补发。
[WBC][TIMING][SUMMARY] end_iteration=19500 samples=500 avg_ms=0.305727 max_ms=0.800794 budget_ms=2.000 overruns=0。
DM1 MIT command rejected: scope=command leg=0 joint=2 field=total_torque actual=277.394592 allowed=[-66,66]
DM1 CAN 发送失败：fsm=BALANCE_STAND now=65.188192 send_motor_frame=true；已丢弃当前帧，不补发。
[WBC][TIMING][SUMMARY] end_iteration=20000 samples=500 avg_ms=0.280355 max_ms=0.793372 budget_ms=2.000 overruns=0。
DM1 MIT command rejected: scope=command leg=0 joint=0 field=total_torque actual=66.0479126 allowed=[-66,66]
DM1 CAN 发送失败：fsm=BALANCE_STAND now=66.196189 send_motor_frame=true；已丢弃当前帧，不补发。
[WBC][TIMING][SUMMARY] end_iteration=20500 samples=500 avg_ms=0.294666 max_ms=0.798286 budget_ms=2.000 overruns=0。
DM1 MIT command rejected: scope=command leg=0 joint=2 field=total_torque actual=321.923889 allowed=[-66,66]
DM1 CAN 发送失败：fsm=BALANCE_STAND now=67.204188 send_motor_frame=true；已丢弃当前帧，不补发。
[WBC][TIMING][SUMMARY] end_iteration=21000 samples=500 avg_ms=0.218727 max_ms=0.642029 budget_ms=2.000 overruns=0。
DM1 MIT command rejected: scope=command leg=0 joint=2 field=total_torque actual=321.962952 allowed=[-66,66]
DM1 CAN 发送失败：fsm=BALANCE_STAND now=68.212177 send_motor_frame=true；已丢弃当前帧，不补发。
[WBC][TIMING][SUMMARY] end_iteration=21500 samples=500 avg_ms=0.257736 max_ms=0.975638 budget_ms=2.000 overruns=0。
DM1 MIT command rejected: scope=command leg=0 joint=2 field=total_torque actual=322.019226 allowed=[-66,66]
DM1 CAN 发送失败：fsm=BALANCE_STAND now=69.220210 send_motor_frame=true；已丢弃当前帧，不补发。
[WBC][TIMING][SUMMARY] end_iteration=22000 samples=500 avg_ms=0.247928 max_ms=0.721221 budget_ms=2.000 overruns=0。
DM1 MIT 力矩容差提示（未失能）：field=total_torque leg=0 joint=0 actual=65.78 Nm soft_limit=60 Nm。若持续出现请检查负载、Kp 或站立轨迹。
[CONTROL FSM] iteration 9999, state BALANCE_STAND, gait STAND
[CONTROL FSM] iteration 19999, state BALANCE_STAND, gait STAND
[CONTROL FSM] iteration 29999, state BALANCE_STAND, gait STAND
