(1790666953.417573) can1 004#FFFFFFFFFFFFFFFD
(1790666953.417663) can1 005#FFFFFFFFFFFFFFFD
(1790666953.417745) can1 006#FFFFFFFFFFFFFFFD
(1790666953.417824) can1 001#FFFFFFFFFFFFFFFD
(1790666953.417914) can1 002#FFFFFFFFFFFFFFFD
(1790666953.417991) can1 003#FFFFFFFFFFFFFFFD
(1790666953.418072) can1 004#FFFFFFFFFFFFFFFD
(1790666953.418160) can1 005#FFFFFFFFFFFFFFFD
(1790666953.418241) can1 006#FFFFFFFFFFFFFFFD
(1790666953.418324) can1 001#FFFFFFFFFFFFFFFD
(1790666953.418412) can1 002#FFFFFFFFFFFFFFFD
(1790666953.418492) can1 003#FFFFFFFFFFFFFFFD
(1790666953.418572) can1 004#FFFFFFFFFFFFFFFD
(1790666953.418662) can1 005#FFFFFFFFFFFFFFFD
(1790666953.418750) can1 006#FFFFFFFFFFFFFFFD
(1790666953.418832) can1 001#FFFFFFFFFFFFFFFD
(1790666953.418925) can1 002#FFFFFFFFFFFFFFFD
(1790666953.418996) can1 003#FFFFFFFFFFFFFFFD
(1790666953.419075) can1 004#FFFFFFFFFFFFFFFD
(1790666953.419161) can1 005#FFFFFFFFFFFFFFFD
(1790666953.419244) can1 006#FFFFFFFFFFFFFFFD
(1790666953.419325) can1 001#FFFFFFFFFFFFFFFD
(1790666953.419415) can1 002#FFFFFFFFFFFFFFFD
(1790666953.419498) can1 003#FFFFFFFFFFFFFFFD
(1790666953.419573) can1 004#FFFFFFFFFFFFFFFD
(1790666953.419666) can1 005#FFFFFFFFFFFFFFFD
(1790666953.419752) can1 006#FFFFFFFFFFFFFFFD
(1790666953.419844) can1 001#FFFFFFFFFFFFFFFD
(1790666953.419931) can1 002#FFFFFFFFFFFFFFFD
(1790666953.420006) can1 003#FFFFFFFFFFFFFFFD
(1790666953.420094) can1 004#FFFFFFFFFFFFFFFD
(1790666953.420176) can1 005#FFFFFFFFFFFFFFFD
(1790666953.420260) can1 006#FFFFFFFFFFFFFFFD
(1790666953.420345) can1 001#FFFFFFFFFFFFFFFD
(1790666953.421906) can1 011#01802D7FF800211B
(1790666953.422026) can1 011#01802D7FF801211B
(1790666953.422137) can1 011#01802D7FF7FF211B
(1790666953.422269) can1 012#0280017FF8011E1B
(1790666953.422397) can1 012#0280017FF8011E1B
(1790666953.422497) can1 012#0280017FF8011E1B
(1790666953.422622) can1 013#037FF17FF7EB1D1A
(1790666953.422748) can1 013#037FF17FF7EC1D1A
(1790666953.422873) can1 013#037FF17FF7EC1D1A
(1790666953.422992) can1 014#0481877FF7FB2A15
(1790666953.423093) can1 014#0481877FF7FD2A15
(1790666953.423214) can1 014#0481877FF7FC2A15
(1790666953.423347) can1 015#05809E7FF7F81F1C
(1790666953.423451) can1 015#05809E7FF7F91F1C
(1790666953.423590) can1 015#05809E7FF7F81F1C
(1790666953.423692) can1 016#067F117FF806201A
(1790666953.423820) can1 016#067F117FF806201A
(1790666953.423952) can1 016#067F117FF806201A
