[DM IMU] 已自动选择串口设备: /dev/serial/by-id/usb-DM-Tech_DM-IMU-L1_DMIMU20250212-if00
DM1 键盘控制: 电机启动时处于锁定状态；不会修改电机零位参数。只有机器人静止、水平且 12 路反馈健康时，才能使用 Shift+U 解锁；键盘模式不检查当前关节是否处于零位窗口。
DM1 电机力矩上限=88.0 Nm（连续额定 30、峰值 97；可用 --torque-limit 调整）。
[DM IMU] receiver started: /dev/serial/by-id/usb-DM-Tech_DM-IMU-L1_DMIMU20250212-if00, 921600 baud
[DM IMU] collecting startup baseline; keep robot motionless...
[DM IMU] status=UPDATING seq=1 | acc=(-0.544, -0.532, 10.036) gyro=(-0.003, -0.005, -0.007) rpy_deg=(-2.978, 3.388, -28.816)
[DM IMU] startup baseline accepted: gravity_body=(-0.600, -0.522, 10.051) |g|=10.082 m/s^2 rpy0_deg=(-2.973, 3.407, -28.876) from 200 samples
[INFO] Successfully started receiver thread with ID 127887428544064
[INFO] Successfully started receiver thread with ID 127887348856384
DM1 启动阶段：主动发送一次全电机失能帧，然后开始反馈轮询。
Unable to write CAN frame on can0 errno=105 (No buffer space available)
DM1 失能帧发送未完整成功，正在重试（第 1/3 次）。
DM1 失能帧发送未完整成功，正在重试（第 2/3 次）。
DM1 失能帧发送未完整成功，正在重试（第 3/3 次）。
DM1 启动失败原因：启动阶段电机反馈轮询失败；随后执行 close()。
DM1 失能帧发送未完整成功，正在重试（第 1/3 次）。
DM1 失能帧发送未完整成功，正在重试（第 2/3 次）。
Unable to write CAN frame on can1 errno=105 (No buffer space available)
DM1 失能帧发送未完整成功，正在重试（第 3/3 次）。
[ros2run]: Process exited with failure 2
