[  3%] Built target mymit_robot__rosidl_generator_c
[  4%] Built target mymit_robot__rs
[  5%] Built target mymit_robot__cpp
[  8%] Built target mymit_robot__rosidl_typesupport_introspection_c
[ 12%] Built target mymit_robot__rosidl_typesupport_c
[ 16%] Built target mymit_robot__rosidl_typesupport_introspection_cpp
[ 20%] Built target mymit_robot__rosidl_typesupport_cpp
[ 20%] Built target ament_cmake_python_copy_mymit_robot
[ 21%] Built target mymit_robot_frozen_rl_policy
[ 23%] Built target mymit_robot_teleop
[ 24%] Built target mymit_dmbot_serial
[ 25%] Built target mymit_robot_height_service
[ 26%] Built target gtest_main
[ 30%] Built target mymit_robot__rosidl_typesupport_fastrtps_c
[ 31%] Built target gtest
[ 35%] Built target mymit_robot__rosidl_typesupport_fastrtps_cpp
Consolidate compiler generated dependencies of target mymit_robot_model
[ 35%] Building CXX object CMakeFiles/mymit_robot_model.dir/src/FSM/FSM_State_Locomotion.cpp.o
running egg_info
writing mymit_robot.egg-info/PKG-INFO
writing dependency_links to mymit_robot.egg-info/dependency_links.txt
writing top-level names to mymit_robot.egg-info/top_level.txt
reading manifest file 'mymit_robot.egg-info/SOURCES.txt'
writing manifest file 'mymit_robot.egg-info/SOURCES.txt'
[ 35%] Built target ament_cmake_python_build_mymit_robot_egg
[ 36%] Built target test_teleop
Consolidate compiler generated dependencies of target test_dm_motor_driver
[ 37%] Building CXX object test/CMakeFiles/test_dm_motor_driver.dir/hardware/dm_motor_driver_test.cpp.o
[ 37%] Building CXX object test/CMakeFiles/test_dm_motor_driver.dir/__/src/hardware/dm_motor_driver.cpp.o
[ 38%] Linking CXX executable test_dm_motor_driver
[ 38%] Built target test_dm_motor_driver
[ 40%] Built target test_imu_driver
[ 40%] Built target mymit_robot
[ 41%] Built target mymit_robot__py
[ 44%] Built target mymit_robot__rosidl_generator_py
[ 45%] Built target mymit_robot__rosidl_typesupport_fastrtps_c__pyext
[ 46%] Built target mymit_robot__rosidl_typesupport_introspection_c__pyext
[ 47%] Built target mymit_robot__rosidl_typesupport_c__pyext
[ 47%] Linking CXX shared library libmymit_robot_model.so
[ 69%] Built target mymit_robot_model
Consolidate compiler generated dependencies of target mymit_robot_user
Consolidate compiler generated dependencies of target mymit_robot_hardware
[ 69%] Linking CXX executable mymit_robot_user
[ 70%] Building CXX object CMakeFiles/mymit_robot_hardware.dir/src/hardware/hardware_bridge.cpp.o
[ 73%] Built target mymit_robot_user
Consolidate compiler generated dependencies of target test_model_dm1_load
[ 73%] Linking CXX executable test_model_dm1_load
[ 74%] Built target test_model_dm1_load
[ 74%] Linking CXX executable test_estimator_orientation
[ 75%] Built target test_estimator_orientation
[ 76%] Linking CXX executable test_control_swing
[ 76%] Built target test_control_swing
Consolidate compiler generated dependencies of target test_control_gait
[ 77%] Linking CXX executable test_control_gait
[ 78%] Built target test_control_gait
Consolidate compiler generated dependencies of target test_mpc_gait
[ 79%] Linking CXX executable test_mpc_gait
[ 80%] Built target test_mpc_gait
[ 81%] Linking CXX executable test_mpc_robot_state
[ 81%] Built target test_mpc_robot_state
Consolidate compiler generated dependencies of target test_mpc_locomotion
[ 82%] Linking CXX executable test_mpc_locomotion
[ 82%] Built target test_mpc_locomotion
[ 83%] Linking CXX executable test_wbc_optimization
[ 84%] Built target test_wbc_optimization
[ 84%] Linking CXX executable test_fsm_safety
[ 85%] Built target test_fsm_safety
Consolidate compiler generated dependencies of target test_dm1_contract
[ 85%] Building CXX object test/CMakeFiles/test_dm1_contract.dir/dm1_control_contract_test.cpp.o
[ 86%] Linking CXX shared library libmymit_robot_hardware.so
[ 87%] Built target mymit_robot_hardware
[ 88%] Linking CXX executable test_dm1_mit_interface
[ 89%] Built target test_dm1_mit_interface
Consolidate compiler generated dependencies of target test_dm1_sim2sim_direction
[ 90%] Building CXX object test/CMakeFiles/test_dm1_sim2sim_direction.dir/sim2sim/dm1_direction_regression_test.cpp.o
[ 91%] Linking CXX executable test_dm1_contract
[ 91%] Built target test_dm1_contract
Consolidate compiler generated dependencies of target test_dm1_mpc_walk
[ 92%] Linking CXX executable test_dm1_mpc_walk
[ 93%] Built target test_dm1_mpc_walk
Consolidate compiler generated dependencies of target test_dm1_march_in_place
[ 93%] Linking CXX executable test_dm1_march_in_place
[ 95%] Built target test_dm1_march_in_place
Consolidate compiler generated dependencies of target test_hardware_bridge
[ 96%] Linking CXX executable test_hardware_bridge
[ 97%] Built target test_hardware_bridge
Consolidate compiler generated dependencies of target hardware_main
[ 97%] Linking CXX executable hardware_main
[ 98%] Built target hardware_main
[ 98%] Linking CXX executable test_dm1_sim2sim_direction
[100%] Built target test_dm1_sim2sim_direction
